
  ╔══════════════════════════════════════════════════════════╗
  ║        ██████╗ ███████╗██████╗   ██╗  ██╗███████╗        ║
  ║        ██╔══██╗██╔════╝██╔══██╗  ╚██╗██╔╝██╔════╝        ║
  ║        ██████╔╝█████╗  ██║  ██║   ╚███╔╝ █████╗          ║
  ║        ██╔══██╗██╔══╝  ██║  ██║   ██╔██╗ ██╔══╝          ║
  ║        ██║  ██║███████╗██████╔╝  ██╔╝ ██╗███████╗        ║
  ║        ╚═╝  ╚═╝╚══════╝╚═════╝   ╚═╝  ╚═╝╚══════╝        ║
  ╚═══════════ XENEON EDGE // BUILD SIGNAL LOCKED ═══════════╝

Target: ARM64 | Debug

[1/2] Dependencies
Cloning pinned vcpkg tooling into Z:\RxI19Final\.build\vcpkg-tool
Cloning into 'Z:\RxI19Final\.build\vcpkg-tool'...
Updating files:   0% (1/14284)
Updating files:   1% (143/14284)
Updating files:   2% (286/14284)
Updating files:   3% (429/14284)
Updating files:   4% (572/14284)
Updating files:   5% (715/14284)
Updating files:   6% (858/14284)
Updating files:   7% (1000/14284)
Updating files:   8% (1143/14284)
Updating files:   9% (1286/14284)
Updating files:  10% (1429/14284)
Updating files:  11% (1572/14284)
Updating files:  12% (1715/14284)
Updating files:  13% (1857/14284)
Updating files:  13% (1894/14284)
Updating files:  14% (2000/14284)
Updating files:  15% (2143/14284)
Updating files:  16% (2286/14284)
Updating files:  17% (2429/14284)
Updating files:  18% (2572/14284)
Updating files:  19% (2714/14284)
Updating files:  20% (2857/14284)
Updating files:  21% (3000/14284)
Updating files:  22% (3143/14284)
Updating files:  23% (3286/14284)
Updating files:  24% (3429/14284)
Updating files:  25% (3571/14284)
Updating files:  26% (3714/14284)
Updating files:  27% (3857/14284)
Updating files:  28% (4000/14284)
Updating files:  29% (4143/14284)
Updating files:  30% (4286/14284)
Updating files:  31% (4429/14284)
Updating files:  32% (4571/14284)
Updating files:  33% (4714/14284)
Updating files:  34% (4857/14284)
Updating files:  35% (5000/14284)
Updating files:  36% (5143/14284)
Updating files:  37% (5286/14284)
Updating files:  38% (5428/14284)
Updating files:  39% (5571/14284)
Updating files:  40% (5714/14284)
Updating files:  41% (5857/14284)
Updating files:  42% (6000/14284)
Updating files:  43% (6143/14284)
Updating files:  44% (6285/14284)
Updating files:  45% (6428/14284)
Updating files:  46% (6571/14284)
Updating files:  47% (6714/14284)
Updating files:  48% (6857/14284)
Updating files:  49% (7000/14284)
Updating files:  50% (7142/14284)
Updating files:  51% (7285/14284)
Updating files:  52% (7428/14284)
Updating files:  53% (7571/14284)
Updating files:  54% (7714/14284)
Updating files:  55% (7857/14284)
Updating files:  56% (8000/14284)
Updating files:  57% (8142/14284)
Updating files:  58% (8285/14284)
Updating files:  59% (8428/14284)
Updating files:  60% (8571/14284)
Updating files:  61% (8714/14284)
Updating files:  62% (8857/14284)
Updating files:  63% (8999/14284)
Updating files:  64% (9142/14284)
Updating files:  65% (9285/14284)
Updating files:  66% (9428/14284)
Updating files:  67% (9571/14284)
Updating files:  68% (9714/14284)
Updating files:  69% (9856/14284)
Updating files:  70% (9999/14284)
Updating files:  71% (10142/14284)
Updating files:  72% (10285/14284)
Updating files:  73% (10428/14284)
Updating files:  74% (10571/14284)
Updating files:  75% (10713/14284)
Updating files:  76% (10856/14284)
Updating files:  77% (10999/14284)
Updating files:  78% (11142/14284)
Updating files:  79% (11285/14284)
Updating files:  79% (11297/14284)
Updating files:  80% (11428/14284)
Updating files:  81% (11571/14284)
Updating files:  82% (11713/14284)
Updating files:  83% (11856/14284)
Updating files:  84% (11999/14284)
Updating files:  85% (12142/14284)
Updating files:  86% (12285/14284)
Updating files:  87% (12428/14284)
Updating files:  88% (12570/14284)
Updating files:  89% (12713/14284)
Updating files:  90% (12856/14284)
Updating files:  91% (12999/14284)
Updating files:  92% (13142/14284)
Updating files:  93% (13285/14284)
Updating files:  94% (13427/14284)
Updating files:  95% (13570/14284)
Updating files:  96% (13713/14284)
Updating files:  97% (13856/14284)
Updating files:  98% (13999/14284)
Updating files:  99% (14142/14284)
Updating files: 100% (14284/14284)
Updating files: 100% (14284/14284), done.
Selecting pinned vcpkg commit 9e593bb18ea69cc5095e012465dcd675a822ed0d
From https://github.com/microsoft/vcpkg
 * branch                9e593bb18ea69cc5095e012465dcd675a822ed0d -> FETCH_HEAD
HEAD is now at 9e593bb18 Release vcpkg-tool 2026-07-27. (#53109)
Bootstrapping vcpkg...
Downloading https://github.com/microsoft/vcpkg-tool/releases/download/2026-07-27/vcpkg.exe -> Z:\RxI19Final\.build\vcpkg-tool\vcpkg.exe... done.
Validating signature... done.

vcpkg package management program version 2026-07-27-98d7cb0cf1f4686a3e43aa5672b6230c1d56bce8

See LICENSE.txt for license information.
Installing RedXe dependencies (arm64-windows)
A suitable version of cmake was not found (required v4.4.0).
Downloading https://github.com/Kitware/CMake/releases/download/v4.4.0/cmake-4.4.0-windows-x86_64.zip -> cmake-4.4.0-windows-x86_64.zip
Successfully downloaded cmake-4.4.0-windows-x86_64.zip
Extracting cmake...
Detecting compiler hash for triplet x64-windows...
Compiler found: C:/Program Files/Microsoft Visual Studio/18/Insiders/VC/Tools/MSVC/14.51.36231/bin/Hostx64/x64/cl.exe
Detecting compiler hash for triplet arm64-windows...
Compiler found: C:/Program Files/Microsoft Visual Studio/18/Insiders/VC/Tools/MSVC/14.51.36231/bin/Hostx64/arm64/cl.exe
The following packages will be built and installed:
    curl[core,ssl,sspi]:arm64-windows@8.21.0#1
  * vcpkg-cmake:x64-windows@2024-04-23
  * vcpkg-cmake-config:x64-windows@2026-07-21
    wil:arm64-windows@1.0.260126.7
    yyjson[core,fast-fp-conv,non-standard,reader,writer]:arm64-windows@0.12.0
  * zlib:arm64-windows@1.3.2#1
Additional packages (*) will be modified to complete this operation.
Restored 6 package(s) from C:\Users\eric\AppData\Local\vcpkg\archives in 91.1 ms. Use --debug to see more details.
Installing 1/6 vcpkg-cmake-config:x64-windows@2026-07-21...
vcpkg-cmake-config:x64-windows@2026-07-21 package ABI: cb76730c1288d930ad2de79595bc1472916522211336c1f5fda34df8dc43d649
Elapsed time to handle vcpkg-cmake-config:x64-windows: 3.73 ms
Installing 2/6 vcpkg-cmake:x64-windows@2024-04-23...
vcpkg-cmake:x64-windows@2024-04-23 package ABI: 0f1629f7cb558556c5bbfc8e37842b26ff18d41ca97b934fc4febede65626e30
Elapsed time to handle vcpkg-cmake:x64-windows: 1.82 ms
Installing 3/6 zlib:arm64-windows@1.3.2#1...
zlib:arm64-windows@1.3.2#1 package ABI: 42ca36af9d8f86bf2e34c45a2c1c86df2880a17dd6281842810c1f1776f777ef
Elapsed time to handle zlib:arm64-windows: 4.93 ms
Installing 4/6 curl[core,ssl,sspi]:arm64-windows@8.21.0#1...
curl[core,ssl,sspi]:arm64-windows@8.21.0#1 package ABI: 86413ec41a1b9d012bc91f8b751fcdff91bc0b3c9180bced1ef6c211ed350eaf
Elapsed time to handle curl:arm64-windows: 7.91 ms
Installing 5/6 wil:arm64-windows@1.0.260126.7...
wil:arm64-windows@1.0.260126.7 package ABI: 4b57f53f3a3275918d549038d1fa1a0d5964175bfdfb8c6e291e23be21b57534
Elapsed time to handle wil:arm64-windows: 7.38 ms
Installing 6/6 yyjson[core,fast-fp-conv,non-standard,reader,writer]:arm64-windows@0.12.0...
yyjson[core,fast-fp-conv,non-standard,reader,writer]:arm64-windows@0.12.0 package ABI: ac2bfdeaf52ff81ed12ff33d355f06a3c84ecaeadcba0e594adecdfa9766559e
Elapsed time to handle yyjson:arm64-windows: 4.54 ms
Installed contents are licensed to you by owners. Microsoft is not responsible for, nor does it grant any licenses to, third-party packages.
Packages installed in this vcpkg installation declare the following licenses:
BSD-3-Clause
ISC
MIT
Zlib
curl
curl is compatible with built-in CMake targets:

    find_package(CURL REQUIRED)
    target_link_libraries(main PRIVATE CURL::libcurl)

wil provides CMake targets:

  # this is heuristically generated, and may not be correct
  find_package(wil CONFIG REQUIRED)
  target_link_libraries(main PRIVATE WIL::WIL)

yyjson provides CMake targets:

  # this is heuristically generated, and may not be correct
  find_package(yyjson CONFIG REQUIRED)
  target_link_libraries(main PRIVATE yyjson::yyjson)

yyjson provides pkg-config modules:

  # Fastest JSON library in C
  yyjson

All requested installations completed successfully in: 32.9 ms
vcpkg dependencies are ready.
Cloning into 'Z:\RxI19Final\.build\dependencies\DxUi\source\ecad70704fd5e46672586ddbe4ddfeb5db01d1a4'...
HEAD is now at ecad707 Keep native window classes in their consuming module
DxUi pin verified: ecad70704fd5e46672586ddbe4ddfeb5db01d1a4
Cloning pinned vcpkg tooling into Z:\RxI19Final\.build\dependencies\DxUi\947bea9ce44d454b0f1a2f65c8ca9e3218d7a170a7721cb50ea04d67adbb0093\vcpkg-tool
Cloning into 'Z:\RxI19Final\.build\dependencies\DxUi\947bea9ce44d454b0f1a2f65c8ca9e3218d7a170a7721cb50ea04d67adbb0093\vcpkg-tool'...
Updating files:   0% (1/14284)
Updating files:   1% (143/14284)
Updating files:   2% (286/14284)
Updating files:   3% (429/14284)
Updating files:   4% (572/14284)
Updating files:   5% (715/14284)
Updating files:   6% (858/14284)
Updating files:   7% (1000/14284)
Updating files:   8% (1143/14284)
Updating files:   9% (1286/14284)
Updating files:  10% (1429/14284)
Updating files:  11% (1572/14284)
Updating files:  12% (1715/14284)
Updating files:  13% (1857/14284)
Updating files:  14% (2000/14284)
Updating files:  15% (2143/14284)
Updating files:  16% (2286/14284)
Updating files:  17% (2429/14284)
Updating files:  18% (2572/14284)
Updating files:  19% (2714/14284)
Updating files:  20% (2857/14284)
Updating files:  21% (3000/14284)
Updating files:  22% (3143/14284)
Updating files:  23% (3286/14284)
Updating files:  24% (3429/14284)
Updating files:  25% (3571/14284)
Updating files:  26% (3714/14284)
Updating files:  27% (3857/14284)
Updating files:  28% (4000/14284)
Updating files:  29% (4143/14284)
Updating files:  30% (4286/14284)
Updating files:  31% (4429/14284)
Updating files:  31% (4524/14284)
Updating files:  32% (4571/14284)
Updating files:  33% (4714/14284)
Updating files:  34% (4857/14284)
Updating files:  35% (5000/14284)
Updating files:  36% (5143/14284)
Updating files:  37% (5286/14284)
Updating files:  38% (5428/14284)
Updating files:  39% (5571/14284)
Updating files:  40% (5714/14284)
Updating files:  41% (5857/14284)
Updating files:  42% (6000/14284)
Updating files:  43% (6143/14284)
Updating files:  44% (6285/14284)
Updating files:  45% (6428/14284)
Updating files:  46% (6571/14284)
Updating files:  47% (6714/14284)
Updating files:  48% (6857/14284)
Updating files:  49% (7000/14284)
Updating files:  50% (7142/14284)
Updating files:  51% (7285/14284)
Updating files:  52% (7428/14284)
Updating files:  53% (7571/14284)
Updating files:  54% (7714/14284)
Updating files:  55% (7857/14284)
Updating files:  56% (8000/14284)
Updating files:  57% (8142/14284)
Updating files:  58% (8285/14284)
Updating files:  59% (8428/14284)
Updating files:  60% (8571/14284)
Updating files:  61% (8714/14284)
Updating files:  62% (8857/14284)
Updating files:  63% (8999/14284)
Updating files:  64% (9142/14284)
Updating files:  65% (9285/14284)
Updating files:  66% (9428/14284)
Updating files:  67% (9571/14284)
Updating files:  68% (9714/14284)
Updating files:  69% (9856/14284)
Updating files:  70% (9999/14284)
Updating files:  71% (10142/14284)
Updating files:  72% (10285/14284)
Updating files:  73% (10428/14284)
Updating files:  74% (10571/14284)
Updating files:  75% (10713/14284)
Updating files:  76% (10856/14284)
Updating files:  77% (10999/14284)
Updating files:  78% (11142/14284)
Updating files:  79% (11285/14284)
Updating files:  80% (11428/14284)
Updating files:  81% (11571/14284)
Updating files:  82% (11713/14284)
Updating files:  83% (11856/14284)
Updating files:  84% (11999/14284)
Updating files:  85% (12142/14284)
Updating files:  86% (12285/14284)
Updating files:  87% (12428/14284)
Updating files:  88% (12570/14284)
Updating files:  89% (12713/14284)
Updating files:  90% (12856/14284)
Updating files:  91% (12999/14284)
Updating files:  92% (13142/14284)
Updating files:  93% (13285/14284)
Updating files:  94% (13427/14284)
Updating files:  95% (13570/14284)
Updating files:  96% (13713/14284)
Updating files:  97% (13856/14284)
Updating files:  98% (13999/14284)
Updating files:  99% (14142/14284)
Updating files: 100% (14284/14284)
Updating files: 100% (14284/14284), done.
Selecting pinned vcpkg commit 9e593bb18ea69cc5095e012465dcd675a822ed0d
From https://github.com/microsoft/vcpkg
 * branch                9e593bb18ea69cc5095e012465dcd675a822ed0d -> FETCH_HEAD
HEAD is now at 9e593bb18 Release vcpkg-tool 2026-07-27. (#53109)
Bootstrapping vcpkg...
Downloading https://github.com/microsoft/vcpkg-tool/releases/download/2026-07-27/vcpkg.exe -> Z:\RxI19Final\.build\dependencies\DxUi\947bea9ce44d454b0f1a2f65c8ca9e3218d7a170a7721cb50ea04d67adbb0093\vcpkg-tool\vcpkg.exe... done.
Validating signature... done.

vcpkg package management program version 2026-07-27-98d7cb0cf1f4686a3e43aa5672b6230c1d56bce8

See LICENSE.txt for license information.
Installing DxUi dependencies (arm64-windows)
A suitable version of cmake was not found (required v4.4.0).
Downloading https://github.com/Kitware/CMake/releases/download/v4.4.0/cmake-4.4.0-windows-x86_64.zip -> cmake-4.4.0-windows-x86_64.zip
Successfully downloaded cmake-4.4.0-windows-x86_64.zip
Extracting cmake...
Detecting compiler hash for triplet x64-windows...
Compiler found: C:/Program Files/Microsoft Visual Studio/18/Insiders/VC/Tools/MSVC/14.51.36231/bin/Hostx64/x64/cl.exe
Detecting compiler hash for triplet arm64-windows...
Compiler found: C:/Program Files/Microsoft Visual Studio/18/Insiders/VC/Tools/MSVC/14.51.36231/bin/Hostx64/arm64/cl.exe
The following packages will be built and installed:
  * vcpkg-cmake:x64-windows@2024-04-23
  * vcpkg-cmake-config:x64-windows@2026-07-21
    wil:arm64-windows@1.0.260126.7
Additional packages (*) will be modified to complete this operation.
Restored 3 package(s) from C:\Users\eric\AppData\Local\vcpkg\archives in 27.3 ms. Use --debug to see more details.
Installing 1/3 vcpkg-cmake-config:x64-windows@2026-07-21...
vcpkg-cmake-config:x64-windows@2026-07-21 package ABI: cb76730c1288d930ad2de79595bc1472916522211336c1f5fda34df8dc43d649
Elapsed time to handle vcpkg-cmake-config:x64-windows: 3.19 ms
Installing 2/3 vcpkg-cmake:x64-windows@2024-04-23...
vcpkg-cmake:x64-windows@2024-04-23 package ABI: 0f1629f7cb558556c5bbfc8e37842b26ff18d41ca97b934fc4febede65626e30
Elapsed time to handle vcpkg-cmake:x64-windows: 1.54 ms
Installing 3/3 wil:arm64-windows@1.0.260126.7...
wil:arm64-windows@1.0.260126.7 package ABI: 4b57f53f3a3275918d549038d1fa1a0d5964175bfdfb8c6e291e23be21b57534
Elapsed time to handle wil:arm64-windows: 5.13 ms
Installed contents are licensed to you by owners. Microsoft is not responsible for, nor does it grant any licenses to, third-party packages.
Packages installed in this vcpkg installation declare the following licenses:
MIT
wil provides CMake targets:

  # this is heuristically generated, and may not be correct
  find_package(wil CONFIG REQUIRED)
  target_link_libraries(main PRIVATE WIL::WIL)

All requested installations completed successfully in: 10.6 ms
vcpkg dependencies are ready.
DxUi pin is ahead of main; review Z:\RxI19Final\Dependencies\DxUi.lock.json before any change. (Checked 2026-09-13 00:32:46Z)
DxUi restored at exact pin ecad70704fd5e46672586ddbe4ddfeb5db01d1a4; sibling checkout unchanged.

[2/2] Build
MSBuild: C:\Program Files\Microsoft Visual Studio\18\Insiders\MSBuild\Current\Bin\amd64\MSBuild.exe

  compilation header save succeeded; see Z:\RxI19Final\.build\Intermediate\ARM64\Debug\RotatingTriangle\RotatingTrianglePixelShader.h
  compilation object save succeeded; see Z:\RxI19Final\.build\Intermediate\ARM64\Debug\RotatingTriangle\RotatingTrianglePixelShader.cso
  BrokerMain.cpp
  WindowsAudioBackend.cpp
  AudioPolicy.cpp
  WindowsCameraBackend.cpp
  CameraRegistration.cpp
  CameraCapture.cpp
  CameraController.cpp
  CameraBridge.cpp
  CameraBridgeServer.cpp
  CameraFrameChannel.cpp
  CameraSetup.cpp
  CameraRegistration.cpp
  compilation header save succeeded; see Z:\RxI19Final\.build\Intermediate\ARM64\Debug\RotatingTriangle\RotatingTriangleVertexShader.h
  compilation object save succeeded; see Z:\RxI19Final\.build\Intermediate\ARM64\Debug\RotatingTriangle\RotatingTriangleVertexShader.cso
  RotatingTriangle.cpp
     Creating library Z:\RxI19Final\.build\ARM64\Debug\Plugins\RotatingTriangle.lib and object Z:\RxI19Final\.build\ARM64\Debug\Plugins\RotatingTriangle.exp
  RotatingTriangle.vcxproj -> Z:\RxI19Final\.build\ARM64\Debug\Plugins\RotatingTriangle.dll
  CameraDll.cpp
  CameraActivation.cpp
  CameraMediaSource.cpp
  CameraFrameChannel.cpp
  CameraBridge.cpp
  GdiOrbit.cpp
  AVControlCameraSetup.vcxproj -> Z:\RxI19Final\.build\ARM64\Debug\Plugins\AVControlCameraSetup.exe
  AVControlBroker.vcxproj -> Z:\RxI19Final\.build\ARM64\Debug\Plugins\AVControlBroker.exe
  compilation header save succeeded; see Z:\RxI19Final\.build\Intermediate\ARM64\Debug\MatrixRain\MatrixRainBackgroundPixelShader.h
  compilation object save succeeded; see Z:\RxI19Final\.build\Intermediate\ARM64\Debug\MatrixRain\MatrixRainBackgroundPixelShader.cso
  compilation header save succeeded; see Z:\RxI19Final\.build\Intermediate\ARM64\Debug\MatrixRain\MatrixRainBackgroundVertexShader.h
  compilation object save succeeded; see Z:\RxI19Final\.build\Intermediate\ARM64\Debug\MatrixRain\MatrixRainBackgroundVertexShader.cso
  compilation header save succeeded; see Z:\RxI19Final\.build\Intermediate\ARM64\Debug\MatrixRain\MatrixRainGlyphPixelShader.h
  compilation object save succeeded; see Z:\RxI19Final\.build\Intermediate\ARM64\Debug\MatrixRain\MatrixRainGlyphPixelShader.cso
  compilation header save succeeded; see Z:\RxI19Final\.build\Intermediate\ARM64\Debug\MatrixRain\MatrixRainGlyphVertexShader.h
  compilation object save succeeded; see Z:\RxI19Final\.build\Intermediate\ARM64\Debug\MatrixRain\MatrixRainGlyphVertexShader.cso
  MatrixRain.cpp
     Creating library Z:\RxI19Final\.build\ARM64\Debug\Plugins\GdiOrbit.lib and object Z:\RxI19Final\.build\ARM64\Debug\Plugins\GdiOrbit.exp
  GdiOrbit.vcxproj -> Z:\RxI19Final\.build\ARM64\Debug\Plugins\GdiOrbit.dll
  compilation header save succeeded; see Z:\RxI19Final\.build\Intermediate\ARM64\Debug\ProcessViewer\ViewerPixelShader.h
  compilation object save succeeded; see Z:\RxI19Final\.build\Intermediate\ARM64\Debug\ProcessViewer\ViewerPixelShader.cso
  compilation header save succeeded; see Z:\RxI19Final\.build\Intermediate\ARM64\Debug\ProcessViewer\ViewerVertexShader.h
  compilation object save succeeded; see Z:\RxI19Final\.build\Intermediate\ARM64\Debug\ProcessViewer\ViewerVertexShader.cso
     Creating library Z:\RxI19Final\.build\ARM64\Debug\Plugins\AVControlCamera.lib and object Z:\RxI19Final\.build\ARM64\Debug\Plugins\AVControlCamera.exp
  ProcessViewer.cpp
  ViewerGpu.cpp
  AVControlCamera.vcxproj -> Z:\RxI19Final\.build\ARM64\Debug\Plugins\AVControlCamera.dll
  compilation header save succeeded; see Z:\RxI19Final\.build\dependencies\DxUi\947bea9ce44d454b0f1a2f65c8ca9e3218d7a170a7721cb50ea04d67adbb0093\Intermediate\ARM64\Debug\DxUi\DxUiCompositeVS.h
  compilation object save succeeded; see Z:\RxI19Final\.build\dependencies\DxUi\947bea9ce44d454b0f1a2f65c8ca9e3218d7a170a7721cb50ea04d67adbb0093\Intermediate\ARM64\Debug\DxUi\DxUiCompositeVS.cso
  compilation header save succeeded; see Z:\RxI19Final\.build\dependencies\DxUi\947bea9ce44d454b0f1a2f65c8ca9e3218d7a170a7721cb50ea04d67adbb0093\Intermediate\ARM64\Debug\DxUi\DxUiCompositePS.h
  compilation object save succeeded; see Z:\RxI19Final\.build\dependencies\DxUi\947bea9ce44d454b0f1a2f65c8ca9e3218d7a170a7721cb50ea04d67adbb0093\Intermediate\ARM64\Debug\DxUi\DxUiCompositePS.cso
  ControlCatalog.cpp
     Creating library Z:\RxI19Final\.build\ARM64\Debug\Plugins\MatrixRain.lib and object Z:\RxI19Final\.build\ARM64\Debug\Plugins\MatrixRain.exp
  MatrixRain.vcxproj -> Z:\RxI19Final\.build\ARM64\Debug\Plugins\MatrixRain.dll
  compilation header save succeeded; see Z:\RxI19Final\.build\Intermediate\ARM64\Debug\StudioClock\StudioClockBackgroundPixelShader.h
  compilation object save succeeded; see Z:\RxI19Final\.build\Intermediate\ARM64\Debug\StudioClock\StudioClockBackgroundPixelShader.cso
  compilation header save succeeded; see Z:\RxI19Final\.build\Intermediate\ARM64\Debug\StudioClock\StudioClockBackgroundVertexShader.h
  compilation object save succeeded; see Z:\RxI19Final\.build\Intermediate\ARM64\Debug\StudioClock\StudioClockBackgroundVertexShader.cso
  compilation header save succeeded; see Z:\RxI19Final\.build\Intermediate\ARM64\Debug\StudioClock\StudioClockDotPixelShader.h
  compilation object save succeeded; see Z:\RxI19Final\.build\Intermediate\ARM64\Debug\StudioClock\StudioClockDotPixelShader.cso
  compilation header save succeeded; see Z:\RxI19Final\.build\Intermediate\ARM64\Debug\StudioClock\StudioClockDotVertexShader.h
  compilation object save succeeded; see Z:\RxI19Final\.build\Intermediate\ARM64\Debug\StudioClock\StudioClockDotVertexShader.cso
  StudioClock.cpp
     Creating library Z:\RxI19Final\.build\ARM64\Debug\Plugins\ProcessViewer.lib and object Z:\RxI19Final\.build\ARM64\Debug\Plugins\ProcessViewer.exp
  ProcessViewer.vcxproj -> Z:\RxI19Final\.build\ARM64\Debug\Plugins\ProcessViewer.dll
  compilation header save succeeded; see Z:\RxI19Final\.build\Intermediate\ARM64\Debug\DeskClock\DeskClockBackgroundPixelShader.h
  compilation object save succeeded; see Z:\RxI19Final\.build\Intermediate\ARM64\Debug\DeskClock\DeskClockBackgroundPixelShader.cso
  compilation header save succeeded; see Z:\RxI19Final\.build\Intermediate\ARM64\Debug\DeskClock\DeskClockBackgroundVertexShader.h
  compilation object save succeeded; see Z:\RxI19Final\.build\Intermediate\ARM64\Debug\DeskClock\DeskClockBackgroundVertexShader.cso
  compilation header save succeeded; see Z:\RxI19Final\.build\Intermediate\ARM64\Debug\DeskClock\DeskClockPixelShader.h
  compilation object save succeeded; see Z:\RxI19Final\.build\Intermediate\ARM64\Debug\DeskClock\DeskClockPixelShader.cso
  compilation header save succeeded; see Z:\RxI19Final\.build\Intermediate\ARM64\Debug\DeskClock\DeskClockVertexShader.h
  compilation object save succeeded; see Z:\RxI19Final\.build\Intermediate\ARM64\Debug\DeskClock\DeskClockVertexShader.cso
  DeskClock.cpp
     Creating library Z:\RxI19Final\.build\ARM64\Debug\Plugins\StudioClock.lib and object Z:\RxI19Final\.build\ARM64\Debug\Plugins\StudioClock.exp
  StudioClock.vcxproj -> Z:\RxI19Final\.build\ARM64\Debug\Plugins\StudioClock.dll
  Main.cpp
  LocationPolicy.cpp
  NativeMenuInterop.cpp
     Creating library Z:\RxI19Final\.build\ARM64\Debug\Plugins\DeskClock.lib and object Z:\RxI19Final\.build\ARM64\Debug\Plugins\DeskClock.exp
  DeskClock.vcxproj -> Z:\RxI19Final\.build\ARM64\Debug\Plugins\DeskClock.dll
  compilation header save succeeded; see Z:\RxI19Final\.build\Intermediate\ARM64\Debug\Launcher\LauncherPixelShader.h
  compilation object save succeeded; see Z:\RxI19Final\.build\Intermediate\ARM64\Debug\Launcher\LauncherPixelShader.cso
  compilation header save succeeded; see Z:\RxI19Final\.build\Intermediate\ARM64\Debug\Launcher\LauncherVertexShader.h
  compilation object save succeeded; see Z:\RxI19Final\.build\Intermediate\ARM64\Debug\Launcher\LauncherVertexShader.cso
  Launcher.cpp
  Embedded.cpp
     Creating library Z:\RxI19Final\.build\ARM64\Debug\Plugins\Launcher.lib and object Z:\RxI19Final\.build\ARM64\Debug\Plugins\Launcher.exp
  Launcher.vcxproj -> Z:\RxI19Final\.build\ARM64\Debug\Plugins\Launcher.dll
  GpuQuery.cpp
  NativeQuery.cpp
  NetStorage.cpp
  PowerSensors.cpp
  SystemData.cpp
  WeatherLocation.vcxproj -> Z:\RxI19Final\.build\ARM64\Debug\Plugins\WeatherLocation.exe
  compilation header save succeeded; see Z:\RxI19Final\.build\Intermediate\ARM64\Debug\Weather\WeatherPixelShader.h
  compilation object save succeeded; see Z:\RxI19Final\.build\Intermediate\ARM64\Debug\Weather\WeatherPixelShader.cso
  compilation header save succeeded; see Z:\RxI19Final\.build\Intermediate\ARM64\Debug\Weather\WeatherVertexShader.h
  compilation object save succeeded; see Z:\RxI19Final\.build\Intermediate\ARM64\Debug\Weather\WeatherVertexShader.cso
  Weather.cpp
  WeatherGpu.cpp
  WeatherHttp.cpp
  WeatherModel.cpp
  WeatherLocation.cpp
  FrameRuntime.cpp
  DxUi.Accessibility.cpp
     Creating library Z:\RxI19Final\.build\ARM64\Debug\Plugins\Weather.lib and object Z:\RxI19Final\.build\ARM64\Debug\Plugins\Weather.exp
  Weather.vcxproj -> Z:\RxI19Final\.build\ARM64\Debug\Plugins\Weather.dll
  SettingsTests.cpp
  Settings.cpp
  AVControlModel.cpp
  SettingsV4.cpp
  SettingsWatcher.cpp
  SettingsTests.vcxproj -> Z:\RxI19Final\.build\ARM64\Debug\SettingsTests.exe
  PluginContractTests.cpp
  DxUi.ComboBox.cpp
  PluginContractTests.vcxproj -> Z:\RxI19Final\.build\ARM64\Debug\PluginContractTests.exe
  StudioClockTests.cpp
     Creating library Z:\RxI19Final\.build\ARM64\Debug\Plugins\SystemData.lib and object Z:\RxI19Final\.build\ARM64\Debug\Plugins\SystemData.exp
  SystemData.vcxproj -> Z:\RxI19Final\.build\ARM64\Debug\Plugins\SystemData.dll
  DeskClockTests.cpp
  DxUi.Controls.cpp
  DeskClockTests.vcxproj -> Z:\RxI19Final\.build\ARM64\Debug\DeskClockTests.exe
  SystemDataPhase0.cpp
  SystemDataPhase0Surfaces.cpp
  SystemDataTests.cpp
  SystemDataPhase0.vcxproj -> Z:\RxI19Final\.build\ARM64\Debug\SystemDataPhase0.exe
  StudioClockTests.vcxproj -> Z:\RxI19Final\.build\ARM64\Debug\StudioClockTests.exe
  WeatherTests.cpp
  WeatherRegressionTests.cpp
  WeatherLocationTests.cpp
  LocationPolicy.cpp
  WeatherModel.cpp
  SystemDataTests.vcxproj -> Z:\RxI19Final\.build\ARM64\Debug\SystemDataTests.exe
  LauncherTests.cpp
  DxUi.cpp
  WeatherTests.vcxproj -> Z:\RxI19Final\.build\ARM64\Debug\WeatherTests.exe
  LauncherTests.vcxproj -> Z:\RxI19Final\.build\ARM64\Debug\LauncherTests.exe
  DxUi.Grid.cpp
  DxUi.Menu.cpp
  DxUi.NativeTextInput.cpp
  DxUi.PointerInput.cpp
  DxUi.Scrollbar.cpp
  DxUi.SingleLineTextEditing.cpp
  DxUi.TextInput.cpp
  DxUi.TextStoreACP.cpp
  TextInputServices.cpp
  TextClipboard.cpp
  DxUi.Theme.cpp
  DxUi.Tree.cpp
  Generating Code...
  Compiling...
  DxUi.Typeahead.cpp
  DxUi.WindowHost.cpp
  Generating Code...
  DxUi.vcxproj -> Z:\RxI19Final\.build\dependencies\DxUi\947bea9ce44d454b0f1a2f65c8ca9e3218d7a170a7721cb50ea04d67adbb0093\ARM64\Debug\DxUi.lib
  DxUi pin verified: ecad70704fd5e46672586ddbe4ddfeb5db01d1a4
  AVControl.cpp
  AVControlModel.cpp
  AVControlLayout.cpp
  AVControlView.cpp
  ProfileControls.cpp
  AVControlBroker.cpp
  ProfileTransaction.cpp
  Coordinator.cpp
     Creating library Z:\RxI19Final\.build\ARM64\Debug\Plugins\AVControl.lib and object Z:\RxI19Final\.build\ARM64\Debug\Plugins\AVControl.exp
  AVControl.vcxproj -> Z:\RxI19Final\.build\ARM64\Debug\Plugins\AVControl.dll
  DxUi pin verified: ecad70704fd5e46672586ddbe4ddfeb5db01d1a4
  DxUi pin verified: ecad70704fd5e46672586ddbe4ddfeb5db01d1a4
  compilation header save succeeded; see Z:\RxI19Final\.build\Intermediate\ARM64\Debug\RedXe\HostChromePixelShader.h
  compilation object save succeeded; see Z:\RxI19Final\.build\Intermediate\ARM64\Debug\RedXe\HostChromePixelShader.cso
  compilation header save succeeded; see Z:\RxI19Final\.build\Intermediate\ARM64\Debug\RedXe\HostChromeVertexShader.h
  compilation object save succeeded; see Z:\RxI19Final\.build\Intermediate\ARM64\Debug\RedXe\HostChromeVertexShader.cso
  AVControlTests.cpp
  ControlWorkQueueTests.cpp
  Application.cpp
  WidgetTextClient.cpp
  AccessibilityHost.cpp
  NativeViewTests.cpp
  CrashHandler.cpp
  PluginHost.cpp
  TextTransportTests.cpp
  WidgetTextClientTests.cpp
  ControlWorkQueue.cpp
  DashboardHost.cpp
  Main.cpp
  PluginManager.cpp
  Renderer.cpp
  HostChrome.cpp
  AccessibilityHostTests.cpp
  Settings.cpp
  AccessibilityHost.cpp
  AVControlModel.cpp
  SettingsV4.cpp
  SettingsWatcher.cpp
  WidgetTextClient.cpp
  BrokerTests.cpp
  ProfileTransactionTests.cpp
  CoordinatorTests.cpp
  InventorySelectionTests.cpp
  AudioBackendTests.cpp
  WindowsAudioBackend.cpp
  AudioPolicy.cpp
  ModuleTests.cpp
  CameraMediaTests.cpp
  CameraBridgeTests.cpp
  CameraActivationTests.cpp
  CameraMediaSource.cpp
  CameraFrameChannel.cpp
  CameraBridge.cpp
  CameraBridgeServer.cpp
  CameraCapture.cpp
  CameraController.cpp
  ControlWorkQueue.cpp
  AVControlModel.cpp
  AVControlLayout.cpp
  AVControlView.cpp
  AVControlBroker.cpp
  ProfileTransaction.cpp
  ProfileControls.cpp
  Coordinator.cpp
  AVControlTests.vcxproj -> Z:\RxI19Final\.build\ARM64\Debug\AVControlTests.exe
  RedXe.vcxproj -> Z:\RxI19Final\.build\ARM64\Debug\RedXe.exe
  compilation header save succeeded; see Z:\RxI19Final\.build\Intermediate\ARM64\Debug\HostPluginTests\HostChromePixelShader.h
  compilation object save succeeded; see Z:\RxI19Final\.build\Intermediate\ARM64\Debug\HostPluginTests\HostChromePixelShader.cso
  compilation header save succeeded; see Z:\RxI19Final\.build\Intermediate\ARM64\Debug\HostPluginTests\HostChromeVertexShader.h
  compilation object save succeeded; see Z:\RxI19Final\.build\Intermediate\ARM64\Debug\HostPluginTests\HostChromeVertexShader.cso
  HostPluginTests.cpp
  PluginHost.cpp
  ControlWorkQueue.cpp
  DashboardHost.cpp
  PluginManager.cpp
  Renderer.cpp
  HostChrome.cpp
  Settings.cpp
  AVControlModel.cpp
  SettingsV4.cpp
  HostPluginTests.vcxproj -> Z:\RxI19Final\.build\ARM64\Debug\HostPluginTests.exe

Captured log: Z:\RxI19Final\.build\logs\redxe-build-20260913_023246_939-pid94612-1f0f15c0.log
Diagnostics: 0 warning(s), 0 error(s)
DxUi pin verified: ecad70704fd5e46672586ddbe4ddfeb5db01d1a4
DxUi module provenance: Z:\RxI19Final\.build\ARM64\Debug\DxUi.provenance.json
BUILD SIGNAL LOCKED in 00:01:44.580
Ready: Z:\RxI19Final\.build\ARM64\Debug\RedXe.exe
