
  ╔══════════════════════════════════════════════════════════╗
  ║        ██████╗ ███████╗██████╗   ██╗  ██╗███████╗        ║
  ║        ██╔══██╗██╔════╝██╔══██╗  ╚██╗██╔╝██╔════╝        ║
  ║        ██████╔╝█████╗  ██║  ██║   ╚███╔╝ █████╗          ║
  ║        ██╔══██╗██╔══╝  ██║  ██║   ██╔██╗ ██╔══╝          ║
  ║        ██║  ██║███████╗██████╔╝  ██╔╝ ██╗███████╗        ║
  ║        ╚═╝  ╚═╝╚══════╝╚═════╝   ╚═╝  ╚═╝╚══════╝        ║
  ╚═══════════ XENEON EDGE // BUILD SIGNAL LOCKED ═══════════╝

Target: ARM64 | Release

[1/2] Dependencies
Installing RedXe dependencies (arm64-windows)
Detecting compiler hash for triplet x64-windows...
Compiler found: C:/Program Files/Microsoft Visual Studio/18/Insiders/VC/Tools/MSVC/14.51.36231/bin/Hostx64/x64/cl.exe
Detecting compiler hash for triplet arm64-windows...
Compiler found: C:/Program Files/Microsoft Visual Studio/18/Insiders/VC/Tools/MSVC/14.51.36231/bin/Hostx64/arm64/cl.exe
The following packages are already installed:
    curl[core,sspi,ssl]:arm64-windows@8.21.0#1
  * vcpkg-cmake:x64-windows@2024-04-23
  * vcpkg-cmake-config:x64-windows@2026-07-21
    wil:arm64-windows@1.0.260126.7
    yyjson[core,writer,reader,non-standard,fast-fp-conv]:arm64-windows@0.12.0
  * zlib:arm64-windows@1.3.2#1
curl is compatible with built-in CMake targets:

    find_package(CURL REQUIRED)
    target_link_libraries(main PRIVATE CURL::libcurl)

wil provides CMake targets:

  # this is heuristically generated, and may not be correct
  find_package(wil CONFIG REQUIRED)
  target_link_libraries(main PRIVATE WIL::WIL)

yyjson provides CMake targets:

  # this is heuristically generated, and may not be correct
  find_package(yyjson CONFIG REQUIRED)
  target_link_libraries(main PRIVATE yyjson::yyjson)

yyjson provides pkg-config modules:

  # Fastest JSON library in C
  yyjson

All requested installations completed successfully in: 217 us
vcpkg dependencies are ready.
DxUi pin verified: ecad70704fd5e46672586ddbe4ddfeb5db01d1a4
Installing DxUi dependencies (arm64-windows)
Detecting compiler hash for triplet x64-windows...
Compiler found: C:/Program Files/Microsoft Visual Studio/18/Insiders/VC/Tools/MSVC/14.51.36231/bin/Hostx64/x64/cl.exe
Detecting compiler hash for triplet arm64-windows...
Compiler found: C:/Program Files/Microsoft Visual Studio/18/Insiders/VC/Tools/MSVC/14.51.36231/bin/Hostx64/arm64/cl.exe
The following packages are already installed:
  * vcpkg-cmake:x64-windows@2024-04-23
  * vcpkg-cmake-config:x64-windows@2026-07-21
    wil:arm64-windows@1.0.260126.7
wil provides CMake targets:

  # this is heuristically generated, and may not be correct
  find_package(wil CONFIG REQUIRED)
  target_link_libraries(main PRIVATE WIL::WIL)

All requested installations completed successfully in: 116 us
vcpkg dependencies are ready.
DxUi pin is ahead of main; review Z:\RxI19Final\Dependencies\DxUi.lock.json before any change. (Checked 2026-09-13 00:33:59Z)
DxUi restored at exact pin ecad70704fd5e46672586ddbe4ddfeb5db01d1a4; sibling checkout unchanged.

[2/2] Build
MSBuild: C:\Program Files\Microsoft Visual Studio\18\Insiders\MSBuild\Current\Bin\amd64\MSBuild.exe

  compilation header save succeeded; see Z:\RxI19Final\.build\Intermediate\ARM64\Release\RotatingTriangle\RotatingTrianglePixelShader.h
  compilation object save succeeded; see Z:\RxI19Final\.build\Intermediate\ARM64\Release\RotatingTriangle\RotatingTrianglePixelShader.cso
  BrokerMain.cpp
  WindowsAudioBackend.cpp
  AudioPolicy.cpp
  WindowsCameraBackend.cpp
  CameraRegistration.cpp
  CameraCapture.cpp
  CameraController.cpp
  CameraBridge.cpp
  CameraBridgeServer.cpp
  CameraFrameChannel.cpp
  CameraSetup.cpp
  CameraRegistration.cpp
  compilation header save succeeded; see Z:\RxI19Final\.build\Intermediate\ARM64\Release\RotatingTriangle\RotatingTriangleVertexShader.h
  compilation object save succeeded; see Z:\RxI19Final\.build\Intermediate\ARM64\Release\RotatingTriangle\RotatingTriangleVertexShader.cso
  RotatingTriangle.cpp
     Creating library Z:\RxI19Final\.build\ARM64\Release\Plugins\RotatingTriangle.lib and object Z:\RxI19Final\.build\ARM64\Release\Plugins\RotatingTriangle.exp
  RotatingTriangle.vcxproj -> Z:\RxI19Final\.build\ARM64\Release\Plugins\RotatingTriangle.dll
  AVControlCameraSetup.vcxproj -> Z:\RxI19Final\.build\ARM64\Release\Plugins\AVControlCameraSetup.exe
  CameraDll.cpp
  CameraActivation.cpp
  CameraMediaSource.cpp
  CameraFrameChannel.cpp
  CameraBridge.cpp
  GdiOrbit.cpp
  AVControlBroker.vcxproj -> Z:\RxI19Final\.build\ARM64\Release\Plugins\AVControlBroker.exe
  compilation header save succeeded; see Z:\RxI19Final\.build\Intermediate\ARM64\Release\MatrixRain\MatrixRainBackgroundPixelShader.h
  compilation object save succeeded; see Z:\RxI19Final\.build\Intermediate\ARM64\Release\MatrixRain\MatrixRainBackgroundPixelShader.cso
  compilation header save succeeded; see Z:\RxI19Final\.build\Intermediate\ARM64\Release\MatrixRain\MatrixRainBackgroundVertexShader.h
  compilation object save succeeded; see Z:\RxI19Final\.build\Intermediate\ARM64\Release\MatrixRain\MatrixRainBackgroundVertexShader.cso
  compilation header save succeeded; see Z:\RxI19Final\.build\Intermediate\ARM64\Release\MatrixRain\MatrixRainGlyphPixelShader.h
  compilation object save succeeded; see Z:\RxI19Final\.build\Intermediate\ARM64\Release\MatrixRain\MatrixRainGlyphPixelShader.cso
  compilation header save succeeded; see Z:\RxI19Final\.build\Intermediate\ARM64\Release\MatrixRain\MatrixRainGlyphVertexShader.h
  compilation object save succeeded; see Z:\RxI19Final\.build\Intermediate\ARM64\Release\MatrixRain\MatrixRainGlyphVertexShader.cso
  MatrixRain.cpp
     Creating library Z:\RxI19Final\.build\ARM64\Release\Plugins\GdiOrbit.lib and object Z:\RxI19Final\.build\ARM64\Release\Plugins\GdiOrbit.exp
  compilation header save succeeded; see Z:\RxI19Final\.build\Intermediate\ARM64\Release\ProcessViewer\ViewerPixelShader.h
  compilation object save succeeded; see Z:\RxI19Final\.build\Intermediate\ARM64\Release\ProcessViewer\ViewerPixelShader.cso
  compilation header save succeeded; see Z:\RxI19Final\.build\Intermediate\ARM64\Release\ProcessViewer\ViewerVertexShader.h
  compilation object save succeeded; see Z:\RxI19Final\.build\Intermediate\ARM64\Release\ProcessViewer\ViewerVertexShader.cso
  GdiOrbit.vcxproj -> Z:\RxI19Final\.build\ARM64\Release\Plugins\GdiOrbit.dll
  ProcessViewer.cpp
  ViewerGpu.cpp
     Creating library Z:\RxI19Final\.build\ARM64\Release\Plugins\AVControlCamera.lib and object Z:\RxI19Final\.build\ARM64\Release\Plugins\AVControlCamera.exp
  AVControlCamera.vcxproj -> Z:\RxI19Final\.build\ARM64\Release\Plugins\AVControlCamera.dll
  compilation header save succeeded; see Z:\RxI19Final\.build\Intermediate\ARM64\Release\StudioClock\StudioClockBackgroundPixelShader.h
  compilation object save succeeded; see Z:\RxI19Final\.build\Intermediate\ARM64\Release\StudioClock\StudioClockBackgroundPixelShader.cso
     Creating library Z:\RxI19Final\.build\ARM64\Release\Plugins\MatrixRain.lib and object Z:\RxI19Final\.build\ARM64\Release\Plugins\MatrixRain.exp
  compilation header save succeeded; see Z:\RxI19Final\.build\Intermediate\ARM64\Release\StudioClock\StudioClockBackgroundVertexShader.h
  compilation object save succeeded; see Z:\RxI19Final\.build\Intermediate\ARM64\Release\StudioClock\StudioClockBackgroundVertexShader.cso
  compilation header save succeeded; see Z:\RxI19Final\.build\Intermediate\ARM64\Release\StudioClock\StudioClockDotPixelShader.h
  compilation object save succeeded; see Z:\RxI19Final\.build\Intermediate\ARM64\Release\StudioClock\StudioClockDotPixelShader.cso
  MatrixRain.vcxproj -> Z:\RxI19Final\.build\ARM64\Release\Plugins\MatrixRain.dll
  compilation header save succeeded; see Z:\RxI19Final\.build\Intermediate\ARM64\Release\StudioClock\StudioClockDotVertexShader.h
  compilation object save succeeded; see Z:\RxI19Final\.build\Intermediate\ARM64\Release\StudioClock\StudioClockDotVertexShader.cso
  compilation header save succeeded; see Z:\RxI19Final\.build\Intermediate\ARM64\Release\DeskClock\DeskClockBackgroundPixelShader.h
  compilation object save succeeded; see Z:\RxI19Final\.build\Intermediate\ARM64\Release\DeskClock\DeskClockBackgroundPixelShader.cso
  compilation header save succeeded; see Z:\RxI19Final\.build\Intermediate\ARM64\Release\DeskClock\DeskClockBackgroundVertexShader.h
  compilation object save succeeded; see Z:\RxI19Final\.build\Intermediate\ARM64\Release\DeskClock\DeskClockBackgroundVertexShader.cso
  StudioClock.cpp
  compilation header save succeeded; see Z:\RxI19Final\.build\Intermediate\ARM64\Release\DeskClock\DeskClockPixelShader.h
  compilation object save succeeded; see Z:\RxI19Final\.build\Intermediate\ARM64\Release\DeskClock\DeskClockPixelShader.cso
  compilation header save succeeded; see Z:\RxI19Final\.build\Intermediate\ARM64\Release\DeskClock\DeskClockVertexShader.h
  compilation object save succeeded; see Z:\RxI19Final\.build\Intermediate\ARM64\Release\DeskClock\DeskClockVertexShader.cso
  DeskClock.cpp
     Creating library Z:\RxI19Final\.build\ARM64\Release\Plugins\ProcessViewer.lib and object Z:\RxI19Final\.build\ARM64\Release\Plugins\ProcessViewer.exp
  ProcessViewer.vcxproj -> Z:\RxI19Final\.build\ARM64\Release\Plugins\ProcessViewer.dll
  compilation header save succeeded; see Z:\RxI19Final\.build\dependencies\DxUi\947bea9ce44d454b0f1a2f65c8ca9e3218d7a170a7721cb50ea04d67adbb0093\Intermediate\ARM64\Release\DxUi\DxUiCompositeVS.h
  compilation object save succeeded; see Z:\RxI19Final\.build\dependencies\DxUi\947bea9ce44d454b0f1a2f65c8ca9e3218d7a170a7721cb50ea04d67adbb0093\Intermediate\ARM64\Release\DxUi\DxUiCompositeVS.cso
  compilation header save succeeded; see Z:\RxI19Final\.build\dependencies\DxUi\947bea9ce44d454b0f1a2f65c8ca9e3218d7a170a7721cb50ea04d67adbb0093\Intermediate\ARM64\Release\DxUi\DxUiCompositePS.h
  compilation object save succeeded; see Z:\RxI19Final\.build\dependencies\DxUi\947bea9ce44d454b0f1a2f65c8ca9e3218d7a170a7721cb50ea04d67adbb0093\Intermediate\ARM64\Release\DxUi\DxUiCompositePS.cso
  ControlCatalog.cpp
     Creating library Z:\RxI19Final\.build\ARM64\Release\Plugins\StudioClock.lib and object Z:\RxI19Final\.build\ARM64\Release\Plugins\StudioClock.exp
  StudioClock.vcxproj -> Z:\RxI19Final\.build\ARM64\Release\Plugins\StudioClock.dll
  Main.cpp
  LocationPolicy.cpp
     Creating library Z:\RxI19Final\.build\ARM64\Release\Plugins\DeskClock.lib and object Z:\RxI19Final\.build\ARM64\Release\Plugins\DeskClock.exp
  DeskClock.vcxproj -> Z:\RxI19Final\.build\ARM64\Release\Plugins\DeskClock.dll
  compilation header save succeeded; see Z:\RxI19Final\.build\Intermediate\ARM64\Release\Launcher\LauncherPixelShader.h
  compilation object save succeeded; see Z:\RxI19Final\.build\Intermediate\ARM64\Release\Launcher\LauncherPixelShader.cso
  compilation header save succeeded; see Z:\RxI19Final\.build\Intermediate\ARM64\Release\Launcher\LauncherVertexShader.h
  compilation object save succeeded; see Z:\RxI19Final\.build\Intermediate\ARM64\Release\Launcher\LauncherVertexShader.cso
  Launcher.cpp
  NativeMenuInterop.cpp
     Creating library Z:\RxI19Final\.build\ARM64\Release\Plugins\Launcher.lib and object Z:\RxI19Final\.build\ARM64\Release\Plugins\Launcher.exp
  Launcher.vcxproj -> Z:\RxI19Final\.build\ARM64\Release\Plugins\Launcher.dll
  GpuQuery.cpp
  NativeQuery.cpp
  NetStorage.cpp
  PowerSensors.cpp
  SystemData.cpp
  WeatherLocation.vcxproj -> Z:\RxI19Final\.build\ARM64\Release\Plugins\WeatherLocation.exe
  compilation header save succeeded; see Z:\RxI19Final\.build\Intermediate\ARM64\Release\Weather\WeatherPixelShader.h
  compilation object save succeeded; see Z:\RxI19Final\.build\Intermediate\ARM64\Release\Weather\WeatherPixelShader.cso
  Embedded.cpp
  compilation header save succeeded; see Z:\RxI19Final\.build\Intermediate\ARM64\Release\Weather\WeatherVertexShader.h
  compilation object save succeeded; see Z:\RxI19Final\.build\Intermediate\ARM64\Release\Weather\WeatherVertexShader.cso
  Weather.cpp
  WeatherGpu.cpp
  WeatherHttp.cpp
  WeatherModel.cpp
  WeatherLocation.cpp
     Creating library Z:\RxI19Final\.build\ARM64\Release\Plugins\Weather.lib and object Z:\RxI19Final\.build\ARM64\Release\Plugins\Weather.exp
  Weather.vcxproj -> Z:\RxI19Final\.build\ARM64\Release\Plugins\Weather.dll
  SettingsTests.cpp
  Settings.cpp
  AVControlModel.cpp
  SettingsV4.cpp
  SettingsWatcher.cpp
  FrameRuntime.cpp
  DxUi.Accessibility.cpp
  SettingsTests.vcxproj -> Z:\RxI19Final\.build\ARM64\Release\SettingsTests.exe
  PluginContractTests.cpp
     Creating library Z:\RxI19Final\.build\ARM64\Release\Plugins\SystemData.lib and object Z:\RxI19Final\.build\ARM64\Release\Plugins\SystemData.exp
  SystemData.vcxproj -> Z:\RxI19Final\.build\ARM64\Release\Plugins\SystemData.dll
  SystemDataPhase0.cpp
  SystemDataPhase0Surfaces.cpp
  DxUi.ComboBox.cpp
  PluginContractTests.vcxproj -> Z:\RxI19Final\.build\ARM64\Release\PluginContractTests.exe
  SystemDataTests.cpp
  SystemDataPhase0.vcxproj -> Z:\RxI19Final\.build\ARM64\Release\SystemDataPhase0.exe
  DxUi.Controls.cpp
  StudioClockTests.cpp
  SystemDataTests.vcxproj -> Z:\RxI19Final\.build\ARM64\Release\SystemDataTests.exe
  DeskClockTests.cpp
  StudioClockTests.vcxproj -> Z:\RxI19Final\.build\ARM64\Release\StudioClockTests.exe
  WeatherTests.cpp
  WeatherRegressionTests.cpp
  WeatherLocationTests.cpp
  LocationPolicy.cpp
  WeatherModel.cpp
  DxUi.cpp
  WeatherTests.vcxproj -> Z:\RxI19Final\.build\ARM64\Release\WeatherTests.exe
  DeskClockTests.vcxproj -> Z:\RxI19Final\.build\ARM64\Release\DeskClockTests.exe
  LauncherTests.cpp
  DxUi.Grid.cpp
  LauncherTests.vcxproj -> Z:\RxI19Final\.build\ARM64\Release\LauncherTests.exe
  DxUi.Menu.cpp
  DxUi.NativeTextInput.cpp
  DxUi.PointerInput.cpp
  DxUi.Scrollbar.cpp
  DxUi.SingleLineTextEditing.cpp
  DxUi.TextInput.cpp
  DxUi.TextStoreACP.cpp
  TextInputServices.cpp
  TextClipboard.cpp
  DxUi.Theme.cpp
  DxUi.Tree.cpp
  Generating Code...
  Compiling...
  DxUi.Typeahead.cpp
  DxUi.WindowHost.cpp
  Generating Code...
  DxUi.vcxproj -> Z:\RxI19Final\.build\dependencies\DxUi\947bea9ce44d454b0f1a2f65c8ca9e3218d7a170a7721cb50ea04d67adbb0093\ARM64\Release\DxUi.lib
  DxUi pin verified: ecad70704fd5e46672586ddbe4ddfeb5db01d1a4
  AVControl.cpp
  AVControlModel.cpp
  AVControlLayout.cpp
  AVControlView.cpp
  ProfileControls.cpp
  AVControlBroker.cpp
  ProfileTransaction.cpp
  Coordinator.cpp
     Creating library Z:\RxI19Final\.build\ARM64\Release\Plugins\AVControl.lib and object Z:\RxI19Final\.build\ARM64\Release\Plugins\AVControl.exp
  AVControl.vcxproj -> Z:\RxI19Final\.build\ARM64\Release\Plugins\AVControl.dll
  DxUi pin verified: ecad70704fd5e46672586ddbe4ddfeb5db01d1a4
  DxUi pin verified: ecad70704fd5e46672586ddbe4ddfeb5db01d1a4
  compilation header save succeeded; see Z:\RxI19Final\.build\Intermediate\ARM64\Release\RedXe\HostChromePixelShader.h
  compilation object save succeeded; see Z:\RxI19Final\.build\Intermediate\ARM64\Release\RedXe\HostChromePixelShader.cso
  compilation header save succeeded; see Z:\RxI19Final\.build\Intermediate\ARM64\Release\RedXe\HostChromeVertexShader.h
  compilation object save succeeded; see Z:\RxI19Final\.build\Intermediate\ARM64\Release\RedXe\HostChromeVertexShader.cso
  AVControlTests.cpp
  ControlWorkQueueTests.cpp
  NativeViewTests.cpp
  Application.cpp
  WidgetTextClient.cpp
  TextTransportTests.cpp
  WidgetTextClientTests.cpp
  AccessibilityHost.cpp
  CrashHandler.cpp
  PluginHost.cpp
  ControlWorkQueue.cpp
  DashboardHost.cpp
  AccessibilityHostTests.cpp
  Main.cpp
  PluginManager.cpp
  Renderer.cpp
  AccessibilityHost.cpp
  HostChrome.cpp
  WidgetTextClient.cpp
  BrokerTests.cpp
  Settings.cpp
  AVControlModel.cpp
  ProfileTransactionTests.cpp
  SettingsV4.cpp
  CoordinatorTests.cpp
  InventorySelectionTests.cpp
  AudioBackendTests.cpp
  WindowsAudioBackend.cpp
  AudioPolicy.cpp
  ModuleTests.cpp
  CameraMediaTests.cpp
  SettingsWatcher.cpp
  CameraBridgeTests.cpp
  CameraActivationTests.cpp
  CameraMediaSource.cpp
  CameraFrameChannel.cpp
  CameraBridge.cpp
  CameraBridgeServer.cpp
  CameraCapture.cpp
  CameraController.cpp
  ControlWorkQueue.cpp
  AVControlModel.cpp
  AVControlLayout.cpp
  AVControlView.cpp
  AVControlBroker.cpp
  ProfileTransaction.cpp
  ProfileControls.cpp
  Coordinator.cpp
  Generating code
  AVControlTests.vcxproj -> Z:\RxI19Final\.build\ARM64\Release\AVControlTests.exe
  Finished generating code
  RedXe.vcxproj -> Z:\RxI19Final\.build\ARM64\Release\RedXe.exe
  compilation header save succeeded; see Z:\RxI19Final\.build\Intermediate\ARM64\Release\HostPluginTests\HostChromePixelShader.h
  compilation object save succeeded; see Z:\RxI19Final\.build\Intermediate\ARM64\Release\HostPluginTests\HostChromePixelShader.cso
  compilation header save succeeded; see Z:\RxI19Final\.build\Intermediate\ARM64\Release\HostPluginTests\HostChromeVertexShader.h
  compilation object save succeeded; see Z:\RxI19Final\.build\Intermediate\ARM64\Release\HostPluginTests\HostChromeVertexShader.cso
  HostPluginTests.cpp
  PluginHost.cpp
  ControlWorkQueue.cpp
  DashboardHost.cpp
  PluginManager.cpp
  Renderer.cpp
  HostChrome.cpp
  Settings.cpp
  AVControlModel.cpp
  SettingsV4.cpp
  HostPluginTests.vcxproj -> Z:\RxI19Final\.build\ARM64\Release\HostPluginTests.exe

Captured log: Z:\RxI19Final\.build\logs\redxe-build-20260913_023359_044-pid94612-7cc7adc5.log
Diagnostics: 0 warning(s), 0 error(s)
DxUi pin verified: ecad70704fd5e46672586ddbe4ddfeb5db01d1a4
DxUi module provenance: Z:\RxI19Final\.build\ARM64\Release\DxUi.provenance.json
BUILD SIGNAL LOCKED in 00:01:21.331
Ready: Z:\RxI19Final\.build\ARM64\Release\RedXe.exe
