
  ╔══════════════════════════════════════════════════════════╗
  ║        
██████╗ ███████╗██████╗ 
  
██╗  ██╗███████╗
        ║
  ║        
██╔══██╗██╔════╝██╔══██╗
  
╚██╗██╔╝██╔════╝
        ║
  ║        
██████╔╝█████╗  ██║  ██║
  
 ╚███╔╝ █████╗  
        ║
  ║        
██╔══██╗██╔══╝  ██║  ██║
  
 ██╔██╗ ██╔══╝  
        ║
  ║        
██║  ██║███████╗██████╔╝
  
██╔╝ ██╗███████╗
        ║
  ║        
╚═╝  ╚═╝╚══════╝╚═════╝ 
  
╚═╝  ╚═╝╚══════╝
        ║
  ╚═══════════ XENEON EDGE // BUILD SIGNAL LOCKED ═══════════╝

Target: x64 | Debug

[1/2] Dependencies
Installing RedXe dependencies (x64-windows)
Detecting compiler hash for triplet x64-windows...
Compiler found: C:/Program Files/Microsoft Visual Studio/18/Insiders/VC/Tools/MSVC/14.51.36231/bin/Hostx64/x64/cl.exe
The following packages are already installed:
    curl[core,sspi,ssl]:x64-windows@8.21.0#1
  * vcpkg-cmake:x64-windows@2024-04-23
  * vcpkg-cmake-config:x64-windows@2026-07-21
    wil:x64-windows@1.0.260126.7
    yyjson[core,writer,reader,non-standard,fast-fp-conv]:x64-windows@0.12.0
  * zlib:x64-windows@1.3.2#1
curl is compatible with built-in CMake targets:

    find_package(CURL REQUIRED)
    target_link_libraries(main PRIVATE CURL::libcurl)

wil provides CMake targets:

  # this is heuristically generated, and may not be correct
  find_package(wil CONFIG REQUIRED)
  target_link_libraries(main PRIVATE WIL::WIL)

yyjson provides CMake targets:

  # this is heuristically generated, and may not be correct
  find_package(yyjson CONFIG REQUIRED)
  target_link_libraries(main PRIVATE yyjson::yyjson)

yyjson provides pkg-config modules:

  # Fastest JSON library in C
  yyjson

All requested installations completed successfully in: 312 us
vcpkg dependencies are ready.
DxUi pin verified: d192e474e540adc2656e69b8e8150b0f7a05d63f
Installing DxUi dependencies (x64-windows)
Detecting compiler hash for triplet x64-windows...
Compiler found: C:/Program Files/Microsoft Visual Studio/18/Insiders/VC/Tools/MSVC/14.51.36231/bin/Hostx64/x64/cl.exe
The following packages are already installed:
  * vcpkg-cmake:x64-windows@2024-04-23
  * vcpkg-cmake-config:x64-windows@2026-07-21
    wil:x64-windows@1.0.260126.7
wil provides CMake targets:

  # this is heuristically generated, and may not be correct
  find_package(wil CONFIG REQUIRED)
  target_link_libraries(main PRIVATE WIL::WIL)

All requested installations completed successfully in: 214 us
vcpkg dependencies are ready.
DxUi restored at exact pin d192e474e540adc2656e69b8e8150b0f7a05d63f; sibling checkout unchanged.

[2/2] Build
MSBuild: C:\Program Files\Microsoft Visual Studio\18\Insiders\MSBuild\Current\Bin\amd64\MSBuild.exe

  ProcessViewer.vcxproj -> Z:\src\RedXe\.build\x64\Debug\Plugins\ProcessViewer.dll
  SystemData.vcxproj -> Z:\src\RedXe\.build\x64\Debug\Plugins\SystemData.dll
  MatrixRain.vcxproj -> Z:\src\RedXe\.build\x64\Debug\Plugins\MatrixRain.dll
  SettingsTests.vcxproj -> Z:\src\RedXe\.build\x64\Debug\SettingsTests.exe
  StudioClock.vcxproj -> Z:\src\RedXe\.build\x64\Debug\Plugins\StudioClock.dll
  RotatingTriangle.vcxproj -> Z:\src\RedXe\.build\x64\Debug\Plugins\RotatingTriangle.dll
  AVControlCamera.vcxproj -> Z:\src\RedXe\.build\x64\Debug\Plugins\AVControlCamera.dll
  GdiOrbit.vcxproj -> Z:\src\RedXe\.build\x64\Debug\Plugins\GdiOrbit.dll
  WeatherLocation.vcxproj -> Z:\src\RedXe\.build\x64\Debug\Plugins\WeatherLocation.exe
  AVControlCameraSetup.vcxproj -> Z:\src\RedXe\.build\x64\Debug\Plugins\AVControlCameraSetup.exe
  Launcher.vcxproj -> Z:\src\RedXe\.build\x64\Debug\Plugins\Launcher.dll
  AVControlBroker.vcxproj -> Z:\src\RedXe\.build\x64\Debug\Plugins\AVControlBroker.exe
  DeskClock.vcxproj -> Z:\src\RedXe\.build\x64\Debug\Plugins\DeskClock.dll
  SystemDataPhase0.vcxproj -> Z:\src\RedXe\.build\x64\Debug\SystemDataPhase0.exe
  SystemDataTests.vcxproj -> Z:\src\RedXe\.build\x64\Debug\SystemDataTests.exe
  StudioClockTests.vcxproj -> Z:\src\RedXe\.build\x64\Debug\StudioClockTests.exe
  PluginContractTests.vcxproj -> Z:\src\RedXe\.build\x64\Debug\PluginContractTests.exe
  LauncherTests.vcxproj -> Z:\src\RedXe\.build\x64\Debug\LauncherTests.exe
  Weather.vcxproj -> Z:\src\RedXe\.build\x64\Debug\Plugins\Weather.dll
  DeskClockTests.vcxproj -> Z:\src\RedXe\.build\x64\Debug\DeskClockTests.exe
  DxUi.vcxproj -> Z:\src\RedXe\.build\dependencies\DxUi\d192e474e540adc2656e69b8e8150b0f7a05d63f-api2-v145-sdk26100-md\x64\Debug\DxUi.lib
  WeatherTests.vcxproj -> Z:\src\RedXe\.build\x64\Debug\WeatherTests.exe
  DxUi pin verified: d192e474e540adc2656e69b8e8150b0f7a05d63f
  AVControl.cpp
  AVControlModel.cpp
  AVControlLayout.cpp
  AVControlView.cpp
  ProfileControls.cpp
  AVControlBroker.cpp
  ProfileTransaction.cpp
  Coordinator.cpp
     Creating library Z:\src\RedXe\.build\x64\Debug\Plugins\AVControl.lib and object Z:\src\RedXe\.build\x64\Debug\Plugins\AVControl.exp
  AVControl.vcxproj -> Z:\src\RedXe\.build\x64\Debug\Plugins\AVControl.dll
  DxUi pin verified: d192e474e540adc2656e69b8e8150b0f7a05d63f
  DxUi pin verified: d192e474e540adc2656e69b8e8150b0f7a05d63f
  Application.cpp
  WidgetTextClient.cpp
  AccessibilityHost.cpp
  CrashHandler.cpp
  PluginHost.cpp
  ControlWorkQueue.cpp
  DashboardHost.cpp
  Main.cpp
  PluginManager.cpp
  Renderer.cpp
  HostChrome.cpp
  Settings.cpp
  AVControlModel.cpp
  SettingsV4.cpp
  SettingsWatcher.cpp
  AVControlTests.cpp
  ControlWorkQueueTests.cpp
  NativeViewTests.cpp
  TextTransportTests.cpp
  WidgetTextClientTests.cpp
  AccessibilityHostTests.cpp
  AccessibilityHost.cpp
  WidgetTextClient.cpp
  BrokerTests.cpp
  ProfileTransactionTests.cpp
  CoordinatorTests.cpp
  InventorySelectionTests.cpp
  AudioBackendTests.cpp
  WindowsAudioBackend.cpp
  AudioPolicy.cpp
  ModuleTests.cpp
  CameraMediaTests.cpp
  CameraBridgeTests.cpp
  CameraActivationTests.cpp
  CameraMediaSource.cpp
  CameraFrameChannel.cpp
  CameraBridge.cpp
  CameraBridgeServer.cpp
  CameraCapture.cpp
  CameraController.cpp
  ControlWorkQueue.cpp
  AVControlModel.cpp
  AVControlLayout.cpp
  AVControlView.cpp
  AVControlBroker.cpp
  ProfileTransaction.cpp
  ProfileControls.cpp
  Coordinator.cpp
  RedXe.vcxproj -> Z:\src\RedXe\.build\x64\Debug\RedXe.exe
  HostPluginTests.cpp
  AVControlTests.vcxproj -> Z:\src\RedXe\.build\x64\Debug\AVControlTests.exe
  HostPluginTests.vcxproj -> Z:\src\RedXe\.build\x64\Debug\HostPluginTests.exe

Captured log: Z:\src\RedXe\.build\logs\redxe-build-20260909_134257_938-pid58964-41541610.log
Diagnostics: 0 warning(s), 0 error(s)
BUILD SIGNAL LOCKED in 00:00:22.413
Ready: Z:\src\RedXe\.build\x64\Debug\RedXe.exe
Running exact build-output process preflight tests...
Build-output process preflight tests passed.
Build presentation and streaming tests passed.
Running plugin ABI and rendering-interface contract tests...
Running AV Control model, input and layout tests...
PASS CameraPackage: 8 checks (validation only; no installation)
Running local system-data provider contract tests...
Running system-data Phase 0 acquisition spikes...
Running Studio Clock contract, scheduling, WARP, and resource tests...
Running Desk Clock contract, scheduling, WARP, and resource tests...
Running Launcher factory, pin fallback, WARP, launch, and drop tests...
Running Weather HTTP, unit, and label format tests...
Running settings, schema, stamp, and watcher contract tests...
Running production host and plugin integration tests...
Host integration log: Z:\src\RedXe\.build\x64\Debug\HostPluginTests.log
Running hidden Direct3D 11 WARP smoke test...
Running isolated fatal-process crash diagnostics test...
Running isolated stack-overflow crash diagnostics test...
All tests passed.
