
  ╔══════════════════════════════════════════════════════════╗
  ║        ██████╗ ███████╗██████╗   ██╗  ██╗███████╗        ║
  ║        ██╔══██╗██╔════╝██╔══██╗  ╚██╗██╔╝██╔════╝        ║
  ║        ██████╔╝█████╗  ██║  ██║   ╚███╔╝ █████╗          ║
  ║        ██╔══██╗██╔══╝  ██║  ██║   ██╔██╗ ██╔══╝          ║
  ║        ██║  ██║███████╗██████╔╝  ██╔╝ ██╗███████╗        ║
  ║        ╚═╝  ╚═╝╚══════╝╚═════╝   ╚═╝  ╚═╝╚══════╝        ║
  ╚═══════════ XENEON EDGE // BUILD SIGNAL LOCKED ═══════════╝

Target: ARM64 | ASan Debug

[1/2] Dependencies
Installing RedXe dependencies (arm64-windows)
Detecting compiler hash for triplet x64-windows...
Compiler found: C:/Program Files/Microsoft Visual Studio/18/Insiders/VC/Tools/MSVC/14.51.36231/bin/Hostx64/x64/cl.exe
Detecting compiler hash for triplet arm64-windows...
Compiler found: C:/Program Files/Microsoft Visual Studio/18/Insiders/VC/Tools/MSVC/14.51.36231/bin/Hostx64/arm64/cl.exe
The following packages are already installed:
    curl[core,sspi,ssl]:arm64-windows@8.21.0#1
  * vcpkg-cmake:x64-windows@2024-04-23
  * vcpkg-cmake-config:x64-windows@2026-07-21
    wil:arm64-windows@1.0.260126.7
    yyjson[core,writer,reader,non-standard,fast-fp-conv]:arm64-windows@0.12.0
  * zlib:arm64-windows@1.3.2#1
curl is compatible with built-in CMake targets:

    find_package(CURL REQUIRED)
    target_link_libraries(main PRIVATE CURL::libcurl)

wil provides CMake targets:

  # this is heuristically generated, and may not be correct
  find_package(wil CONFIG REQUIRED)
  target_link_libraries(main PRIVATE WIL::WIL)

yyjson provides CMake targets:

  # this is heuristically generated, and may not be correct
  find_package(yyjson CONFIG REQUIRED)
  target_link_libraries(main PRIVATE yyjson::yyjson)

yyjson provides pkg-config modules:

  # Fastest JSON library in C
  yyjson

All requested installations completed successfully in: 378 us
vcpkg dependencies are ready.
DxUi pin verified: 8c548fe2de3cdb5af858c457e9bef47d81506878
Installing DxUi dependencies (arm64-windows)
Detecting compiler hash for triplet x64-windows...
Compiler found: C:/Program Files/Microsoft Visual Studio/18/Insiders/VC/Tools/MSVC/14.51.36231/bin/Hostx64/x64/cl.exe
Detecting compiler hash for triplet arm64-windows...
Compiler found: C:/Program Files/Microsoft Visual Studio/18/Insiders/VC/Tools/MSVC/14.51.36231/bin/Hostx64/arm64/cl.exe
The following packages are already installed:
  * vcpkg-cmake:x64-windows@2024-04-23
  * vcpkg-cmake-config:x64-windows@2026-07-21
    wil:arm64-windows@1.0.260126.7
wil provides CMake targets:

  # this is heuristically generated, and may not be correct
  find_package(wil CONFIG REQUIRED)
  target_link_libraries(main PRIVATE WIL::WIL)

All requested installations completed successfully in: 266 us
vcpkg dependencies are ready.
DxUi pin is ahead of main; review Z:\src\RedXe\Dependencies\DxUi.lock.json before any change. (Checked 2026-09-09 12:12:18Z)
DxUi restored at exact pin 8c548fe2de3cdb5af858c457e9bef47d81506878; sibling checkout unchanged.

[2/2] Build
MSBuild: C:\Program Files\Microsoft Visual Studio\18\Insiders\MSBuild\Current\Bin\amd64\MSBuild.exe

  GdiOrbit.cpp
  compilation header save succeeded; see Z:\src\RedXe\.build\Intermediate\ARM64\ASan Debug\RotatingTriangle\RotatingTrianglePixelShader.h
  compilation object save succeeded; see Z:\src\RedXe\.build\Intermediate\ARM64\ASan Debug\RotatingTriangle\RotatingTrianglePixelShader.cso
  Main.cpp
  LocationPolicy.cpp
  compilation header save succeeded; see Z:\src\RedXe\.build\Intermediate\ARM64\ASan Debug\StudioClock\StudioClockBackgroundPixelShader.h
  compilation object save succeeded; see Z:\src\RedXe\.build\Intermediate\ARM64\ASan Debug\StudioClock\StudioClockBackgroundPixelShader.cso
  compilation header save succeeded; see Z:\src\RedXe\.build\Intermediate\ARM64\ASan Debug\DeskClock\DeskClockBackgroundPixelShader.h
  compilation object save succeeded; see Z:\src\RedXe\.build\Intermediate\ARM64\ASan Debug\DeskClock\DeskClockBackgroundPixelShader.cso
  compilation header save succeeded; see Z:\src\RedXe\.build\Intermediate\ARM64\ASan Debug\MatrixRain\MatrixRainBackgroundPixelShader.h
  compilation object save succeeded; see Z:\src\RedXe\.build\Intermediate\ARM64\ASan Debug\MatrixRain\MatrixRainBackgroundPixelShader.cso
  compilation header save succeeded; see Z:\src\RedXe\.build\Intermediate\ARM64\ASan Debug\Launcher\LauncherPixelShader.h
  compilation object save succeeded; see Z:\src\RedXe\.build\Intermediate\ARM64\ASan Debug\Launcher\LauncherPixelShader.cso
  compilation header save succeeded; see Z:\src\RedXe\.build\Intermediate\ARM64\ASan Debug\ProcessViewer\ViewerPixelShader.h
  compilation object save succeeded; see Z:\src\RedXe\.build\Intermediate\ARM64\ASan Debug\ProcessViewer\ViewerPixelShader.cso
  SettingsTests.cpp
  GpuQuery.cpp
  Settings.cpp
  BrokerMain.cpp
  AVControlModel.cpp
  NativeQuery.cpp
  NetStorage.cpp
  SettingsV4.cpp
  PowerSensors.cpp
  SystemData.cpp
  CameraDll.cpp
  CameraActivation.cpp
  WindowsAudioBackend.cpp
  SettingsWatcher.cpp
  AudioPolicy.cpp
  WindowsCameraBackend.cpp
  CameraMediaSource.cpp
  CameraFrameChannel.cpp
  CameraRegistration.cpp
  CameraCapture.cpp
  CameraBridge.cpp
  CameraController.cpp
  CameraBridge.cpp
  CameraBridgeServer.cpp
  CameraFrameChannel.cpp
  compilation header save succeeded; see Z:\src\RedXe\.build\Intermediate\ARM64\ASan Debug\RotatingTriangle\RotatingTriangleVertexShader.h
  compilation object save succeeded; see Z:\src\RedXe\.build\Intermediate\ARM64\ASan Debug\RotatingTriangle\RotatingTriangleVertexShader.cso
  CameraSetup.cpp
  CameraRegistration.cpp
  compilation header save succeeded; see Z:\src\RedXe\.build\Intermediate\ARM64\ASan Debug\MatrixRain\MatrixRainBackgroundVertexShader.h
  compilation object save succeeded; see Z:\src\RedXe\.build\Intermediate\ARM64\ASan Debug\MatrixRain\MatrixRainBackgroundVertexShader.cso
  compilation header save succeeded; see Z:\src\RedXe\.build\Intermediate\ARM64\ASan Debug\DeskClock\DeskClockBackgroundVertexShader.h
  compilation object save succeeded; see Z:\src\RedXe\.build\Intermediate\ARM64\ASan Debug\DeskClock\DeskClockBackgroundVertexShader.cso
  compilation header save succeeded; see Z:\src\RedXe\.build\Intermediate\ARM64\ASan Debug\StudioClock\StudioClockBackgroundVertexShader.h
  compilation object save succeeded; see Z:\src\RedXe\.build\Intermediate\ARM64\ASan Debug\StudioClock\StudioClockBackgroundVertexShader.cso
  compilation header save succeeded; see Z:\src\RedXe\.build\Intermediate\ARM64\ASan Debug\ProcessViewer\ViewerVertexShader.h
  compilation object save succeeded; see Z:\src\RedXe\.build\Intermediate\ARM64\ASan Debug\ProcessViewer\ViewerVertexShader.cso
  compilation header save succeeded; see Z:\src\RedXe\.build\Intermediate\ARM64\ASan Debug\Launcher\LauncherVertexShader.h
  compilation object save succeeded; see Z:\src\RedXe\.build\Intermediate\ARM64\ASan Debug\Launcher\LauncherVertexShader.cso
  compilation header save succeeded; see Z:\src\RedXe\.build\Intermediate\ARM64\ASan Debug\StudioClock\StudioClockDotPixelShader.h
  compilation object save succeeded; see Z:\src\RedXe\.build\Intermediate\ARM64\ASan Debug\StudioClock\StudioClockDotPixelShader.cso
  compilation header save succeeded; see Z:\src\RedXe\.build\Intermediate\ARM64\ASan Debug\DeskClock\DeskClockPixelShader.h
  compilation object save succeeded; see Z:\src\RedXe\.build\Intermediate\ARM64\ASan Debug\DeskClock\DeskClockPixelShader.cso
  RotatingTriangle.cpp
  compilation header save succeeded; see Z:\src\RedXe\.build\Intermediate\ARM64\ASan Debug\MatrixRain\MatrixRainGlyphPixelShader.h
  compilation object save succeeded; see Z:\src\RedXe\.build\Intermediate\ARM64\ASan Debug\MatrixRain\MatrixRainGlyphPixelShader.cso
  Launcher.cpp
  ProcessViewer.cpp
  ViewerGpu.cpp
  compilation header save succeeded; see Z:\src\RedXe\.build\Intermediate\ARM64\ASan Debug\MatrixRain\MatrixRainGlyphVertexShader.h
  compilation object save succeeded; see Z:\src\RedXe\.build\Intermediate\ARM64\ASan Debug\MatrixRain\MatrixRainGlyphVertexShader.cso
  compilation header save succeeded; see Z:\src\RedXe\.build\Intermediate\ARM64\ASan Debug\DeskClock\DeskClockVertexShader.h
  compilation object save succeeded; see Z:\src\RedXe\.build\Intermediate\ARM64\ASan Debug\DeskClock\DeskClockVertexShader.cso
  compilation header save succeeded; see Z:\src\RedXe\.build\Intermediate\ARM64\ASan Debug\StudioClock\StudioClockDotVertexShader.h
  compilation object save succeeded; see Z:\src\RedXe\.build\Intermediate\ARM64\ASan Debug\StudioClock\StudioClockDotVertexShader.cso
  MatrixRain.cpp
  DeskClock.cpp
  StudioClock.cpp
     Creating library Z:\src\RedXe\.build\ARM64\ASan Debug\Plugins\GdiOrbit.lib and object Z:\src\RedXe\.build\ARM64\ASan Debug\Plugins\GdiOrbit.exp
     Creating library Z:\src\RedXe\.build\ARM64\ASan Debug\Plugins\RotatingTriangle.lib and object Z:\src\RedXe\.build\ARM64\ASan Debug\Plugins\RotatingTriangle.exp
  GdiOrbit.vcxproj -> Z:\src\RedXe\.build\ARM64\ASan Debug\Plugins\GdiOrbit.dll
     Creating library Z:\src\RedXe\.build\ARM64\ASan Debug\Plugins\AVControlCamera.lib and object Z:\src\RedXe\.build\ARM64\ASan Debug\Plugins\AVControlCamera.exp
  RotatingTriangle.vcxproj -> Z:\src\RedXe\.build\ARM64\ASan Debug\Plugins\RotatingTriangle.dll
  AVControlCameraSetup.vcxproj -> Z:\src\RedXe\.build\ARM64\ASan Debug\Plugins\AVControlCameraSetup.exe
     Creating library Z:\src\RedXe\.build\ARM64\ASan Debug\Plugins\ProcessViewer.lib and object Z:\src\RedXe\.build\ARM64\ASan Debug\Plugins\ProcessViewer.exp
     Creating library Z:\src\RedXe\.build\ARM64\ASan Debug\Plugins\Launcher.lib and object Z:\src\RedXe\.build\ARM64\ASan Debug\Plugins\Launcher.exp
  AVControlCamera.vcxproj -> Z:\src\RedXe\.build\ARM64\ASan Debug\Plugins\AVControlCamera.dll
  AVControlBroker.vcxproj -> Z:\src\RedXe\.build\ARM64\ASan Debug\Plugins\AVControlBroker.exe
     Creating library Z:\src\RedXe\.build\ARM64\ASan Debug\Plugins\MatrixRain.lib and object Z:\src\RedXe\.build\ARM64\ASan Debug\Plugins\MatrixRain.exp
     Creating library Z:\src\RedXe\.build\ARM64\ASan Debug\Plugins\DeskClock.lib and object Z:\src\RedXe\.build\ARM64\ASan Debug\Plugins\DeskClock.exp
     Creating library Z:\src\RedXe\.build\ARM64\ASan Debug\Plugins\StudioClock.lib and object Z:\src\RedXe\.build\ARM64\ASan Debug\Plugins\StudioClock.exp
  compilation header save succeeded; see Z:\src\RedXe\.build\dependencies\DxUi\ef2b6921de9ed824584a5eb6ff4f6d051141486226dd36a0e4924c8e7ae5418c\Intermediate\ARM64\ASan Debug\DxUi\DxUiCompositeVS.h
  compilation object save succeeded; see Z:\src\RedXe\.build\dependencies\DxUi\ef2b6921de9ed824584a5eb6ff4f6d051141486226dd36a0e4924c8e7ae5418c\Intermediate\ARM64\ASan Debug\DxUi\DxUiCompositeVS.cso
  ProcessViewer.vcxproj -> Z:\src\RedXe\.build\ARM64\ASan Debug\Plugins\ProcessViewer.dll
  Launcher.vcxproj -> Z:\src\RedXe\.build\ARM64\ASan Debug\Plugins\Launcher.dll
  compilation header save succeeded; see Z:\src\RedXe\.build\dependencies\DxUi\ef2b6921de9ed824584a5eb6ff4f6d051141486226dd36a0e4924c8e7ae5418c\Intermediate\ARM64\ASan Debug\DxUi\DxUiCompositePS.h
  compilation object save succeeded; see Z:\src\RedXe\.build\dependencies\DxUi\ef2b6921de9ed824584a5eb6ff4f6d051141486226dd36a0e4924c8e7ae5418c\Intermediate\ARM64\ASan Debug\DxUi\DxUiCompositePS.cso
  LauncherTests.cpp
  MatrixRain.vcxproj -> Z:\src\RedXe\.build\ARM64\ASan Debug\Plugins\MatrixRain.dll
  DeskClock.vcxproj -> Z:\src\RedXe\.build\ARM64\ASan Debug\Plugins\DeskClock.dll
  StudioClock.vcxproj -> Z:\src\RedXe\.build\ARM64\ASan Debug\Plugins\StudioClock.dll
  ControlCatalog.cpp
  PluginContractTests.cpp
  DeskClockTests.cpp
  StudioClockTests.cpp
  SettingsTests.vcxproj -> Z:\src\RedXe\.build\ARM64\ASan Debug\SettingsTests.exe
  WeatherLocation.vcxproj -> Z:\src\RedXe\.build\ARM64\ASan Debug\Plugins\WeatherLocation.exe
  compilation header save succeeded; see Z:\src\RedXe\.build\Intermediate\ARM64\ASan Debug\Weather\WeatherPixelShader.h
  compilation object save succeeded; see Z:\src\RedXe\.build\Intermediate\ARM64\ASan Debug\Weather\WeatherPixelShader.cso
  compilation header save succeeded; see Z:\src\RedXe\.build\Intermediate\ARM64\ASan Debug\Weather\WeatherVertexShader.h
  compilation object save succeeded; see Z:\src\RedXe\.build\Intermediate\ARM64\ASan Debug\Weather\WeatherVertexShader.cso
  Weather.cpp
  WeatherGpu.cpp
  WeatherHttp.cpp
  WeatherModel.cpp
  WeatherLocation.cpp
  DeskClockTests.vcxproj -> Z:\src\RedXe\.build\ARM64\ASan Debug\DeskClockTests.exe
  LauncherTests.vcxproj -> Z:\src\RedXe\.build\ARM64\ASan Debug\LauncherTests.exe
  PluginContractTests.vcxproj -> Z:\src\RedXe\.build\ARM64\ASan Debug\PluginContractTests.exe
  NativeMenuInterop.cpp
  StudioClockTests.vcxproj -> Z:\src\RedXe\.build\ARM64\ASan Debug\StudioClockTests.exe
     Creating library Z:\src\RedXe\.build\ARM64\ASan Debug\Plugins\Weather.lib and object Z:\src\RedXe\.build\ARM64\ASan Debug\Plugins\Weather.exp
  Weather.vcxproj -> Z:\src\RedXe\.build\ARM64\ASan Debug\Plugins\Weather.dll
  WeatherTests.cpp
  WeatherRegressionTests.cpp
  WeatherLocationTests.cpp
  LocationPolicy.cpp
  WeatherModel.cpp
     Creating library Z:\src\RedXe\.build\ARM64\ASan Debug\Plugins\SystemData.lib and object Z:\src\RedXe\.build\ARM64\ASan Debug\Plugins\SystemData.exp
  SystemData.vcxproj -> Z:\src\RedXe\.build\ARM64\ASan Debug\Plugins\SystemData.dll
  Embedded.cpp
  SystemDataTests.cpp
  SystemDataPhase0.cpp
  SystemDataPhase0Surfaces.cpp
  WeatherTests.vcxproj -> Z:\src\RedXe\.build\ARM64\ASan Debug\WeatherTests.exe
  SystemDataPhase0.vcxproj -> Z:\src\RedXe\.build\ARM64\ASan Debug\SystemDataPhase0.exe
  SystemDataTests.vcxproj -> Z:\src\RedXe\.build\ARM64\ASan Debug\SystemDataTests.exe
  FrameRuntime.cpp
  DxUi.Accessibility.cpp
  DxUi.ComboBox.cpp
  DxUi.Controls.cpp
  DxUi.cpp
  DxUi.Grid.cpp
  DxUi.Menu.cpp
  DxUi.NativeTextInput.cpp
  DxUi.PointerInput.cpp
  DxUi.Scrollbar.cpp
  DxUi.SingleLineTextEditing.cpp
  DxUi.TextInput.cpp
  DxUi.TextStoreACP.cpp
  TextInputServices.cpp
  TextClipboard.cpp
  DxUi.Theme.cpp
  DxUi.Tree.cpp
  Generating Code...
  Compiling...
  DxUi.Typeahead.cpp
  DxUi.WindowHost.cpp
  Generating Code...
  DxUi.vcxproj -> Z:\src\RedXe\.build\dependencies\DxUi\ef2b6921de9ed824584a5eb6ff4f6d051141486226dd36a0e4924c8e7ae5418c\ARM64\ASan Debug\DxUi.lib
  DxUi pin verified: 8c548fe2de3cdb5af858c457e9bef47d81506878
  AVControl.cpp
  AVControlModel.cpp
  AVControlLayout.cpp
  AVControlView.cpp
  ProfileControls.cpp
  AVControlBroker.cpp
  ProfileTransaction.cpp
  Coordinator.cpp
     Creating library Z:\src\RedXe\.build\ARM64\ASan Debug\Plugins\AVControl.lib and object Z:\src\RedXe\.build\ARM64\ASan Debug\Plugins\AVControl.exp
  AVControl.vcxproj -> Z:\src\RedXe\.build\ARM64\ASan Debug\Plugins\AVControl.dll
  DxUi pin verified: 8c548fe2de3cdb5af858c457e9bef47d81506878
  DxUi pin verified: 8c548fe2de3cdb5af858c457e9bef47d81506878
  compilation header save succeeded; see Z:\src\RedXe\.build\Intermediate\ARM64\ASan Debug\RedXe\HostChromePixelShader.h
  compilation object save succeeded; see Z:\src\RedXe\.build\Intermediate\ARM64\ASan Debug\RedXe\HostChromePixelShader.cso
  compilation header save succeeded; see Z:\src\RedXe\.build\Intermediate\ARM64\ASan Debug\RedXe\HostChromeVertexShader.h
  compilation object save succeeded; see Z:\src\RedXe\.build\Intermediate\ARM64\ASan Debug\RedXe\HostChromeVertexShader.cso
  AVControlTests.cpp
  ControlWorkQueueTests.cpp
  NativeViewTests.cpp
  TextTransportTests.cpp
  WidgetTextClientTests.cpp
  AccessibilityHostTests.cpp
  AccessibilityHost.cpp
  WidgetTextClient.cpp
  BrokerTests.cpp
  ProfileTransactionTests.cpp
  CoordinatorTests.cpp
  InventorySelectionTests.cpp
  AudioBackendTests.cpp
  WindowsAudioBackend.cpp
  AudioPolicy.cpp
  ModuleTests.cpp
  CameraMediaTests.cpp
  CameraBridgeTests.cpp
  CameraActivationTests.cpp
  CameraMediaSource.cpp
  CameraFrameChannel.cpp
  CameraBridge.cpp
  CameraBridgeServer.cpp
  CameraCapture.cpp
  CameraController.cpp
  ControlWorkQueue.cpp
  AVControlModel.cpp
  AVControlLayout.cpp
  AVControlView.cpp
  AVControlBroker.cpp
  ProfileTransaction.cpp
  ProfileControls.cpp
  Application.cpp
  WidgetTextClient.cpp
  AccessibilityHost.cpp
  CrashHandler.cpp
  PluginHost.cpp
  ControlWorkQueue.cpp
  DashboardHost.cpp
  Main.cpp
  PluginManager.cpp
  Renderer.cpp
  HostChrome.cpp
  Settings.cpp
  AVControlModel.cpp
  SettingsV4.cpp
  SettingsWatcher.cpp
  Coordinator.cpp
  AVControlTests.vcxproj -> Z:\src\RedXe\.build\ARM64\ASan Debug\AVControlTests.exe
  RedXe.vcxproj -> Z:\src\RedXe\.build\ARM64\ASan Debug\RedXe.exe
  compilation header save succeeded; see Z:\src\RedXe\.build\Intermediate\ARM64\ASan Debug\HostPluginTests\HostChromePixelShader.h
  compilation object save succeeded; see Z:\src\RedXe\.build\Intermediate\ARM64\ASan Debug\HostPluginTests\HostChromePixelShader.cso
  compilation header save succeeded; see Z:\src\RedXe\.build\Intermediate\ARM64\ASan Debug\HostPluginTests\HostChromeVertexShader.h
  compilation object save succeeded; see Z:\src\RedXe\.build\Intermediate\ARM64\ASan Debug\HostPluginTests\HostChromeVertexShader.cso
  HostPluginTests.cpp
  PluginHost.cpp
  ControlWorkQueue.cpp
  DashboardHost.cpp
  PluginManager.cpp
  Renderer.cpp
  HostChrome.cpp
  Settings.cpp
  AVControlModel.cpp
  SettingsV4.cpp
  HostPluginTests.vcxproj -> Z:\src\RedXe\.build\ARM64\ASan Debug\HostPluginTests.exe

Captured log: Z:\src\RedXe\.build\logs\redxe-build-20260909_141218_241-pid96440-0de2e912.log
Diagnostics: 0 warning(s), 0 error(s)
DxUi pin verified: 8c548fe2de3cdb5af858c457e9bef47d81506878
DxUi module provenance: Z:\src\RedXe\.build\ARM64\ASan Debug\DxUi.provenance.json
BUILD SIGNAL LOCKED in 00:01:35.569
Ready: Z:\src\RedXe\.build\ARM64\ASan Debug\RedXe.exe
