
  ╔══════════════════════════════════════════════════════════╗
  ║        ██████╗ ███████╗██████╗   ██╗  ██╗███████╗        ║
  ║        ██╔══██╗██╔════╝██╔══██╗  ╚██╗██╔╝██╔════╝        ║
  ║        ██████╔╝█████╗  ██║  ██║   ╚███╔╝ █████╗          ║
  ║        ██╔══██╗██╔══╝  ██║  ██║   ██╔██╗ ██╔══╝          ║
  ║        ██║  ██║███████╗██████╔╝  ██╔╝ ██╗███████╗        ║
  ║        ╚═╝  ╚═╝╚══════╝╚═════╝   ╚═╝  ╚═╝╚══════╝        ║
  ╚═══════════ XENEON EDGE // BUILD SIGNAL LOCKED ═══════════╝

Target: ARM64 | Debug

[1/2] Dependencies
Installing RedXe dependencies (arm64-windows)
Detecting compiler hash for triplet x64-windows...
Compiler found: C:/Program Files/Microsoft Visual Studio/18/Insiders/VC/Tools/MSVC/14.51.36231/bin/Hostx64/x64/cl.exe
Detecting compiler hash for triplet arm64-windows...
Compiler found: C:/Program Files/Microsoft Visual Studio/18/Insiders/VC/Tools/MSVC/14.51.36231/bin/Hostx64/arm64/cl.exe
The following packages are already installed:
    curl[core,sspi,ssl]:arm64-windows@8.21.0#1
  * vcpkg-cmake:x64-windows@2024-04-23
  * vcpkg-cmake-config:x64-windows@2026-07-21
    wil:arm64-windows@1.0.260126.7
    yyjson[core,writer,reader,non-standard,fast-fp-conv]:arm64-windows@0.12.0
  * zlib:arm64-windows@1.3.2#1
curl is compatible with built-in CMake targets:

    find_package(CURL REQUIRED)
    target_link_libraries(main PRIVATE CURL::libcurl)

wil provides CMake targets:

  # this is heuristically generated, and may not be correct
  find_package(wil CONFIG REQUIRED)
  target_link_libraries(main PRIVATE WIL::WIL)

yyjson provides CMake targets:

  # this is heuristically generated, and may not be correct
  find_package(yyjson CONFIG REQUIRED)
  target_link_libraries(main PRIVATE yyjson::yyjson)

yyjson provides pkg-config modules:

  # Fastest JSON library in C
  yyjson

All requested installations completed successfully in: 280 us
vcpkg dependencies are ready.
DxUi pin verified: 8c548fe2de3cdb5af858c457e9bef47d81506878
Cloning pinned vcpkg tooling into Z:\src\RedXe\.build\dependencies\DxUi\ef2b6921de9ed824584a5eb6ff4f6d051141486226dd36a0e4924c8e7ae5418c\vcpkg-tool
Cloning into 'Z:\src\RedXe\.build\dependencies\DxUi\ef2b6921de9ed824584a5eb6ff4f6d051141486226dd36a0e4924c8e7ae5418c\vcpkg-tool'...
Updating files:   0% (1/14285)
Updating files:   1% (143/14285)
Updating files:   2% (286/14285)
Updating files:   3% (429/14285)
Updating files:   4% (572/14285)
Updating files:   5% (715/14285)
Updating files:   6% (858/14285)
Updating files:   7% (1000/14285)
Updating files:   8% (1143/14285)
Updating files:   9% (1286/14285)
Updating files:  10% (1429/14285)
Updating files:  11% (1572/14285)
Updating files:  12% (1715/14285)
Updating files:  13% (1858/14285)
Updating files:  14% (2000/14285)
Updating files:  15% (2143/14285)
Updating files:  16% (2286/14285)
Updating files:  17% (2429/14285)
Updating files:  18% (2572/14285)
Updating files:  19% (2715/14285)
Updating files:  20% (2857/14285)
Updating files:  21% (3000/14285)
Updating files:  22% (3143/14285)
Updating files:  23% (3286/14285)
Updating files:  24% (3429/14285)
Updating files:  25% (3572/14285)
Updating files:  26% (3715/14285)
Updating files:  27% (3857/14285)
Updating files:  28% (4000/14285)
Updating files:  29% (4143/14285)
Updating files:  29% (4232/14285)
Updating files:  30% (4286/14285)
Updating files:  31% (4429/14285)
Updating files:  32% (4572/14285)
Updating files:  33% (4715/14285)
Updating files:  34% (4857/14285)
Updating files:  35% (5000/14285)
Updating files:  36% (5143/14285)
Updating files:  37% (5286/14285)
Updating files:  38% (5429/14285)
Updating files:  39% (5572/14285)
Updating files:  40% (5714/14285)
Updating files:  41% (5857/14285)
Updating files:  42% (6000/14285)
Updating files:  43% (6143/14285)
Updating files:  44% (6286/14285)
Updating files:  45% (6429/14285)
Updating files:  46% (6572/14285)
Updating files:  47% (6714/14285)
Updating files:  48% (6857/14285)
Updating files:  49% (7000/14285)
Updating files:  50% (7143/14285)
Updating files:  51% (7286/14285)
Updating files:  52% (7429/14285)
Updating files:  53% (7572/14285)
Updating files:  54% (7714/14285)
Updating files:  55% (7857/14285)
Updating files:  56% (8000/14285)
Updating files:  57% (8143/14285)
Updating files:  58% (8286/14285)
Updating files:  59% (8429/14285)
Updating files:  60% (8571/14285)
Updating files:  60% (8708/14285)
Updating files:  61% (8714/14285)
Updating files:  62% (8857/14285)
Updating files:  63% (9000/14285)
Updating files:  64% (9143/14285)
Updating files:  65% (9286/14285)
Updating files:  66% (9429/14285)
Updating files:  67% (9571/14285)
Updating files:  68% (9714/14285)
Updating files:  69% (9857/14285)
Updating files:  70% (10000/14285)
Updating files:  71% (10143/14285)
Updating files:  72% (10286/14285)
Updating files:  73% (10429/14285)
Updating files:  74% (10571/14285)
Updating files:  75% (10714/14285)
Updating files:  76% (10857/14285)
Updating files:  77% (11000/14285)
Updating files:  78% (11143/14285)
Updating files:  79% (11286/14285)
Updating files:  80% (11428/14285)
Updating files:  81% (11571/14285)
Updating files:  82% (11714/14285)
Updating files:  83% (11857/14285)
Updating files:  84% (12000/14285)
Updating files:  85% (12143/14285)
Updating files:  86% (12286/14285)
Updating files:  87% (12428/14285)
Updating files:  88% (12571/14285)
Updating files:  89% (12714/14285)
Updating files:  90% (12857/14285)
Updating files:  91% (13000/14285)
Updating files:  92% (13143/14285)
Updating files:  93% (13286/14285)
Updating files:  94% (13428/14285)
Updating files:  95% (13571/14285)
Updating files:  96% (13714/14285)
Updating files:  96% (13755/14285)
Updating files:  97% (13857/14285)
Updating files:  98% (14000/14285)
Updating files:  99% (14143/14285)
Updating files: 100% (14285/14285)
Updating files: 100% (14285/14285), done.
Selecting pinned vcpkg commit 9e593bb18ea69cc5095e012465dcd675a822ed0d
From https://github.com/microsoft/vcpkg
 * branch                9e593bb18ea69cc5095e012465dcd675a822ed0d -> FETCH_HEAD
HEAD is now at 9e593bb18 Release vcpkg-tool 2026-07-27. (#53109)
Bootstrapping vcpkg...
Downloading https://github.com/microsoft/vcpkg-tool/releases/download/2026-07-27/vcpkg.exe -> Z:\src\RedXe\.build\dependencies\DxUI\ef2b6921de9ed824584a5eb6ff4f6d051141486226dd36a0e4924c8e7ae5418c\vcpkg-tool\vcpkg.exe... done.
Validating signature... done.

vcpkg package management program version 2026-07-27-98d7cb0cf1f4686a3e43aa5672b6230c1d56bce8

See LICENSE.txt for license information.
Installing DxUi dependencies (arm64-windows)
A suitable version of cmake was not found (required v4.4.0).
Downloading https://github.com/Kitware/CMake/releases/download/v4.4.0/cmake-4.4.0-windows-x86_64.zip -> cmake-4.4.0-windows-x86_64.zip
Successfully downloaded cmake-4.4.0-windows-x86_64.zip
Extracting cmake...
Detecting compiler hash for triplet x64-windows...
Compiler found: C:/Program Files/Microsoft Visual Studio/18/Insiders/VC/Tools/MSVC/14.51.36231/bin/Hostx64/x64/cl.exe
Detecting compiler hash for triplet arm64-windows...
Compiler found: C:/Program Files/Microsoft Visual Studio/18/Insiders/VC/Tools/MSVC/14.51.36231/bin/Hostx64/arm64/cl.exe
The following packages will be built and installed:
  * vcpkg-cmake:x64-windows@2024-04-23
  * vcpkg-cmake-config:x64-windows@2026-07-21
    wil:arm64-windows@1.0.260126.7
Additional packages (*) will be modified to complete this operation.
Restored 3 package(s) from C:\Users\eric\AppData\Local\vcpkg\archives in 77.8 ms. Use --debug to see more details.
Installing 1/3 vcpkg-cmake-config:x64-windows@2026-07-21...
vcpkg-cmake-config:x64-windows@2026-07-21 package ABI: cb76730c1288d930ad2de79595bc1472916522211336c1f5fda34df8dc43d649
Elapsed time to handle vcpkg-cmake-config:x64-windows: 3.38 ms
Installing 2/3 vcpkg-cmake:x64-windows@2024-04-23...
vcpkg-cmake:x64-windows@2024-04-23 package ABI: 0f1629f7cb558556c5bbfc8e37842b26ff18d41ca97b934fc4febede65626e30
Elapsed time to handle vcpkg-cmake:x64-windows: 2.93 ms
Installing 3/3 wil:arm64-windows@1.0.260126.7...
wil:arm64-windows@1.0.260126.7 package ABI: 4b57f53f3a3275918d549038d1fa1a0d5964175bfdfb8c6e291e23be21b57534
Elapsed time to handle wil:arm64-windows: 9.8 ms
Installed contents are licensed to you by owners. Microsoft is not responsible for, nor does it grant any licenses to, third-party packages.
Packages installed in this vcpkg installation declare the following licenses:
MIT
wil provides CMake targets:

  # this is heuristically generated, and may not be correct
  find_package(wil CONFIG REQUIRED)
  target_link_libraries(main PRIVATE WIL::WIL)

All requested installations completed successfully in: 17.5 ms
vcpkg dependencies are ready.
DxUi pin is ahead of main; review Z:\src\RedXe\Dependencies\DxUi.lock.json before any change. (Checked 2026-09-09 12:07:34Z)
DxUi restored at exact pin 8c548fe2de3cdb5af858c457e9bef47d81506878; sibling checkout unchanged.

[2/2] Build
MSBuild: C:\Program Files\Microsoft Visual Studio\18\Insiders\MSBuild\Current\Bin\amd64\MSBuild.exe

  AVControlBroker.vcxproj -> Z:\src\RedXe\.build\ARM64\Debug\Plugins\AVControlBroker.exe
  RotatingTriangle.vcxproj -> Z:\src\RedXe\.build\ARM64\Debug\Plugins\RotatingTriangle.dll
  AVControlCameraSetup.vcxproj -> Z:\src\RedXe\.build\ARM64\Debug\Plugins\AVControlCameraSetup.exe
  WeatherLocation.vcxproj -> Z:\src\RedXe\.build\ARM64\Debug\Plugins\WeatherLocation.exe
  MatrixRain.vcxproj -> Z:\src\RedXe\.build\ARM64\Debug\Plugins\MatrixRain.dll
  ProcessViewer.vcxproj -> Z:\src\RedXe\.build\ARM64\Debug\Plugins\ProcessViewer.dll
  GdiOrbit.vcxproj -> Z:\src\RedXe\.build\ARM64\Debug\Plugins\GdiOrbit.dll
  DeskClock.vcxproj -> Z:\src\RedXe\.build\ARM64\Debug\Plugins\DeskClock.dll
  StudioClock.vcxproj -> Z:\src\RedXe\.build\ARM64\Debug\Plugins\StudioClock.dll
  SettingsTests.vcxproj -> Z:\src\RedXe\.build\ARM64\Debug\SettingsTests.exe
  SystemData.vcxproj -> Z:\src\RedXe\.build\ARM64\Debug\Plugins\SystemData.dll
  Launcher.vcxproj -> Z:\src\RedXe\.build\ARM64\Debug\Plugins\Launcher.dll
  AVControlCamera.vcxproj -> Z:\src\RedXe\.build\ARM64\Debug\Plugins\AVControlCamera.dll
  DeskClockTests.vcxproj -> Z:\src\RedXe\.build\ARM64\Debug\DeskClockTests.exe
  StudioClockTests.vcxproj -> Z:\src\RedXe\.build\ARM64\Debug\StudioClockTests.exe
  SystemDataTests.vcxproj -> Z:\src\RedXe\.build\ARM64\Debug\SystemDataTests.exe
  LauncherTests.vcxproj -> Z:\src\RedXe\.build\ARM64\Debug\LauncherTests.exe
  SystemDataPhase0.vcxproj -> Z:\src\RedXe\.build\ARM64\Debug\SystemDataPhase0.exe
  Weather.vcxproj -> Z:\src\RedXe\.build\ARM64\Debug\Plugins\Weather.dll
  compilation header save succeeded; see Z:\src\RedXe\.build\dependencies\DxUi\ef2b6921de9ed824584a5eb6ff4f6d051141486226dd36a0e4924c8e7ae5418c\Intermediate\ARM64\Debug\DxUi\DxUiCompositeVS.h
  compilation object save succeeded; see Z:\src\RedXe\.build\dependencies\DxUi\ef2b6921de9ed824584a5eb6ff4f6d051141486226dd36a0e4924c8e7ae5418c\Intermediate\ARM64\Debug\DxUi\DxUiCompositeVS.cso
  PluginContractTests.cpp
  WeatherTests.vcxproj -> Z:\src\RedXe\.build\ARM64\Debug\WeatherTests.exe
  compilation header save succeeded; see Z:\src\RedXe\.build\dependencies\DxUi\ef2b6921de9ed824584a5eb6ff4f6d051141486226dd36a0e4924c8e7ae5418c\Intermediate\ARM64\Debug\DxUi\DxUiCompositePS.h
  compilation object save succeeded; see Z:\src\RedXe\.build\dependencies\DxUi\ef2b6921de9ed824584a5eb6ff4f6d051141486226dd36a0e4924c8e7ae5418c\Intermediate\ARM64\Debug\DxUi\DxUiCompositePS.cso
  ControlCatalog.cpp
  PluginContractTests.vcxproj -> Z:\src\RedXe\.build\ARM64\Debug\PluginContractTests.exe
  NativeMenuInterop.cpp
  Embedded.cpp
  FrameRuntime.cpp
  DxUi.Accessibility.cpp
  DxUi.ComboBox.cpp
  DxUi.Controls.cpp
  DxUi.cpp
  DxUi.Grid.cpp
  DxUi.Menu.cpp
  DxUi.NativeTextInput.cpp
  DxUi.PointerInput.cpp
  DxUi.Scrollbar.cpp
  DxUi.SingleLineTextEditing.cpp
  DxUi.TextInput.cpp
  DxUi.TextStoreACP.cpp
  TextInputServices.cpp
  TextClipboard.cpp
  DxUi.Theme.cpp
  DxUi.Tree.cpp
  Generating Code...
  Compiling...
  DxUi.Typeahead.cpp
  DxUi.WindowHost.cpp
  Generating Code...
  DxUi.vcxproj -> Z:\src\RedXe\.build\dependencies\DxUi\ef2b6921de9ed824584a5eb6ff4f6d051141486226dd36a0e4924c8e7ae5418c\ARM64\Debug\DxUi.lib
  DxUi pin verified: 8c548fe2de3cdb5af858c457e9bef47d81506878
  AVControl.cpp
  AVControlModel.cpp
  AVControlLayout.cpp
  AVControlView.cpp
  ProfileControls.cpp
  AVControlBroker.cpp
  ProfileTransaction.cpp
  Coordinator.cpp
     Creating library Z:\src\RedXe\.build\ARM64\Debug\Plugins\AVControl.lib and object Z:\src\RedXe\.build\ARM64\Debug\Plugins\AVControl.exp
  AVControl.vcxproj -> Z:\src\RedXe\.build\ARM64\Debug\Plugins\AVControl.dll
  DxUi pin verified: 8c548fe2de3cdb5af858c457e9bef47d81506878
  DxUi pin verified: 8c548fe2de3cdb5af858c457e9bef47d81506878
  Application.cpp
  WidgetTextClient.cpp
  AccessibilityHost.cpp
  CrashHandler.cpp
  PluginHost.cpp
  ControlWorkQueue.cpp
  DashboardHost.cpp
  Main.cpp
  PluginManager.cpp
  Renderer.cpp
  HostChrome.cpp
  Settings.cpp
  AVControlModel.cpp
  SettingsV4.cpp
  SettingsWatcher.cpp
  AVControlTests.cpp
  ControlWorkQueueTests.cpp
  NativeViewTests.cpp
  TextTransportTests.cpp
  WidgetTextClientTests.cpp
  AccessibilityHostTests.cpp
  AccessibilityHost.cpp
  WidgetTextClient.cpp
  BrokerTests.cpp
  ProfileTransactionTests.cpp
  CoordinatorTests.cpp
  InventorySelectionTests.cpp
  AudioBackendTests.cpp
  WindowsAudioBackend.cpp
  AudioPolicy.cpp
  ModuleTests.cpp
  CameraMediaTests.cpp
  CameraBridgeTests.cpp
  CameraActivationTests.cpp
  CameraMediaSource.cpp
  CameraFrameChannel.cpp
  CameraBridge.cpp
  CameraBridgeServer.cpp
  CameraCapture.cpp
  CameraController.cpp
  ControlWorkQueue.cpp
  AVControlModel.cpp
  AVControlLayout.cpp
  AVControlView.cpp
  AVControlBroker.cpp
  ProfileTransaction.cpp
  ProfileControls.cpp
  Coordinator.cpp
  RedXe.vcxproj -> Z:\src\RedXe\.build\ARM64\Debug\RedXe.exe
  HostPluginTests.cpp
  AVControlTests.vcxproj -> Z:\src\RedXe\.build\ARM64\Debug\AVControlTests.exe
  HostPluginTests.vcxproj -> Z:\src\RedXe\.build\ARM64\Debug\HostPluginTests.exe

Captured log: Z:\src\RedXe\.build\logs\redxe-build-20260909_140734_758-pid97576-3aaa47ef.log
Diagnostics: 0 warning(s), 0 error(s)
DxUi pin verified: 8c548fe2de3cdb5af858c457e9bef47d81506878
DxUi module provenance: Z:\src\RedXe\.build\ARM64\Debug\DxUi.provenance.json
BUILD SIGNAL LOCKED in 00:02:39.701
Ready: Z:\src\RedXe\.build\ARM64\Debug\RedXe.exe
